<html>
<body>
<pre>
<h1>µVision Build Log</h1>
<h2>Project:</h2>
C:\Keil\tut\tut.uvproj
Project File Date:  05/31/2021

<h2>Output:</h2>
Build target 'Target 1'
compiling main.c...
main.c(54): warning:  #550-D: variable "delay" was set but never used
        uint32_t delay;
main.c: 1 warning, 0 errors
linking...
Program Size: Code=816 RO-data=636 RW-data=0 ZI-data=1120  
".\tut.axf" - 0 Error(s), 1 Warning(s).
0],latitudeResult[10],longitudeResult[10],parseValue[12][10],*token;
main.c(109): warning:  #177-D: variable "longitudeResult" was declared but never referenced
          char c0,c1,c2,c3,c4,c5,c6,c7,GPSValues[100],latitudeResult[10],longitudeResult[10],parseValue[12][10],*token;
main.c(113): warning:  #177-D: variable "i" was declared but never referenced
      int index=0,degrees,i=0,j=0;      
main.c(113): warning:  #177-D: variable "j" was declared but never referenced
      int index=0,degrees,i=0,j=0;      
main.c(114): warning:  #177-D: variable "k" was declared but never referenced
          int k ;
main.c(118): warning:  #177-D: variable "theta" was declared but never referenced
    double theta, dist; 
main.c(118): warning:  #177-D: variable "dist" was declared but never referenced
    double theta, dist; 
main.c: 8 warnings, 0 errors
linking...
Program Size: Code=15476 RO-data=1476 RW-data=4 ZI-data=1124  
".\tut.axf" - 0 Error(s), 8 Warning(s).
