<html>
<body>
<pre>
<h1>µVision Build Log</h1>
<h2>Project:</h2>
C:\Users\Bishoy Anwar\OneDrive\Documents\GitHub\GPS-Tracking-System\tut\tut.uvproj
Project File Date:  06/06/2021

<h2>Output:</h2>
Build target 'Target 1'
linking...
Program Size: Code=7084 RO-data=1004 RW-data=0 ZI-data=1120  
".\tut.axf" - 0 Error(s), 0 Warning(s).

main.c(146): warning:  #1-D: last line of file ends without a newline
  }
main.c: 2 warnings, 0 errors
linking...
Program Size: Code=7084 RO-data=1004 RW-data=0 ZI-data=1120  
".\tut.axf" - 0 Error(s), 2 Warning(s).
