<html>
<body>
<pre>
<h1>µVision Build Log</h1>
<h2>Project:</h2>
C:\Users\Mohan\OneDrive\Documents\GitHub\GPS-Tracking-System\GPS Full Project\GPS Full.uvproj
Project File Date:  06/13/2021

<h2>Output:</h2>
Build target 'Target 1'
linking...
Program Size: Code=18836 RO-data=1476 RW-data=8 ZI-data=2144  
".\GPS Full.axf" - 0 Error(s), 0 Warning(s).
</pre>
</body>
</html>
eDrive\\Documents\\GitHub\\GPS-Tracking-System\\GPS Full Project\\GPS Full.axf" 
Connecting: Mode=JTAG, Speed=1000000Hz
Erase Done.
Programming Done.
Verify OK.
