ARM Linker, 5.03 [Build 76] [MDK-ARM Lite]

==============================================================================

Section Cross References

    startup_tm4c123.o(STACK) refers (Special) to heapauxi.o(.text) for __use_two_region_memory
    startup_tm4c123.o(HEAP) refers (Special) to heapauxi.o(.text) for __use_two_region_memory
    startup_tm4c123.o(RESET) refers (Special) to heapauxi.o(.text) for __use_two_region_memory
    startup_tm4c123.o(RESET) refers to startup_tm4c123.o(STACK) for __initial_sp
    startup_tm4c123.o(RESET) refers to startup_tm4c123.o(.text) for Reset_Handler
    startup_tm4c123.o(.text) refers (Special) to heapauxi.o(.text) for __use_two_region_memory
    startup_tm4c123.o(.text) refers to main.o(.text) for SystemInit
    startup_tm4c123.o(.text) refers to __main.o(!!!main) for __main
    startup_tm4c123.o(.text) refers to startup_tm4c123.o(HEAP) for Heap_Mem
    startup_tm4c123.o(.text) refers to startup_tm4c123.o(STACK) for Stack_Mem
    main.o(.text) refers to _printf_percent.o(.ARM.Collect$$_printf_percent$$00000000) for _printf_percent
    main.o(.text) refers to _printf_f.o(.ARM.Collect$$_printf_percent$$00000003) for _printf_f
    main.o(.text) refers to printf1.o(x$fpl$printf1) for _printf_fp_dec
    main.o(.text) refers to _printf_d.o(.ARM.Collect$$_printf_percent$$00000009) for _printf_d
    main.o(.text) refers to _printf_dec.o(.text) for _printf_int_dec
    main.o(.text) refers to main.o(.data) for flashKey_
    main.o(.text) refers to dmul.o(x$fpl$dmul) for __aeabi_dmul
    main.o(.text) refers to ddiv.o(x$fpl$ddiv) for __aeabi_ddiv
    main.o(.text) refers to deqf.o(x$fpl$deqf) for __aeabi_cdcmpeq
    main.o(.text) refers to daddsub_clz.o(x$fpl$dsub) for __aeabi_dsub
    main.o(.text) refers to cos.o(i.__hardfp_cos) for __hardfp_cos
    main.o(.text) refers to sin.o(i.__hardfp_sin) for __hardfp_sin
    main.o(.text) refers to daddsub_clz.o(x$fpl$dadd) for __aeabi_dadd
    main.o(.text) refers to acos.o(i.__hardfp_acos) for __hardfp_acos
    main.o(.text) refers to strtok.o(.text) for strtok
    main.o(.text) refers to strcpy.o(.text) for strcpy
    main.o(.text) refers to strcmpv7m.o(.text) for strcmp
    main.o(.text) refers to atof.o(i.__hardfp_atof) for __hardfp_atof
    main.o(.text) refers to dfix.o(x$fpl$dfix) for __aeabi_d2iz
    main.o(.text) refers to dflt_clz.o(x$fpl$dflt) for __aeabi_i2d
    main.o(.text) refers to daddsub_clz.o(x$fpl$drsb) for __aeabi_drsub
    main.o(.text) refers to noretval__2sprintf.o(.text) for __2sprintf
    main.o(.text) refers to drleqf.o(x$fpl$drleqf) for __aeabi_cdrcmple
    __2sprintf.o(.text) refers to _printf_char_common.o(.text) for _printf_char_common
    __2sprintf.o(.text) refers to _sputc.o(.text) for _sputc
    noretval__2sprintf.o(.text) refers to _printf_char_common.o(.text) for _printf_char_common
    noretval__2sprintf.o(.text) refers to _sputc.o(.text) for _sputc
    __printf.o(.text) refers to _printf_percent.o(.ARM.Collect$$_printf_percent$$00000000) for _printf_percent
    _printf_dec.o(.text) refers to _printf_intcommon.o(.text) for _printf_int_common
    __printf_flags.o(.text) refers to _printf_percent.o(.ARM.Collect$$_printf_percent$$00000000) for _printf_percent
    __printf_flags.o(.text) refers to __printf_flags.o(.constdata) for .constdata
    __printf_ss.o(.text) refers to _printf_percent.o(.ARM.Collect$$_printf_percent$$00000000) for _printf_percent
    __printf_flags_ss.o(.text) refers to _printf_percent.o(.ARM.Collect$$_printf_percent$$00000000) for _printf_percent
    __printf_flags_ss.o(.text) refers to __printf_flags_ss.o(.constdata) for .constdata
    __printf_wp.o(.text) refers to __printf_wp.o(i._is_digit) for _is_digit
    __printf_wp.o(.text) refers to _printf_percent.o(.ARM.Collect$$_printf_percent$$00000000) for _printf_percent
    __printf_flags_wp.o(.text) refers to __printf_wp.o(i._is_digit) for _is_digit
    __printf_flags_wp.o(.text) refers to _printf_percent.o(.ARM.Collect$$_printf_percent$$00000000) for _printf_percent
    __printf_flags_wp.o(.text) refers to __printf_flags_wp.o(.constdata) for .constdata
    __printf_ss_wp.o(.text) refers to __printf_wp.o(i._is_digit) for _is_digit
    __printf_ss_wp.o(.text) refers to _printf_percent.o(.ARM.Collect$$_printf_percent$$00000000) for _printf_percent
    __printf_flags_ss_wp.o(.text) refers to __printf_wp.o(i._is_digit) for _is_digit
    __printf_flags_ss_wp.o(.text) refers to _printf_percent.o(.ARM.Collect$$_printf_percent$$00000000) for _printf_percent
    __printf_flags_ss_wp.o(.text) refers to __printf_flags_ss_wp.o(.constdata) for .constdata
    _printf_d.o(.ARM.Collect$$_printf_percent$$00000009) refers (Weak) to _printf_dec.o(.text) for _printf_int_dec
    _printf_f.o(.ARM.Collect$$_printf_percent$$00000003) refers (Weak) to printf1.o(x$fpl$printf1) for _printf_fp_dec
[...]
    ../clib/printf.c                         0x00000000   Number         0  _printf_intcommon.o ABSOLUTE
    ../clib/printf.c                         0x00000000   Number         0  _printf_char_common.o ABSOLUTE
    ../clib/printf.c                         0x00000000   Number         0  __printf_ss_wp.o ABSOLUTE
    ../clib/printf.c                         0x00000000   Number         0  __printf_flags_wp.o ABSOLUTE
    ../clib/printf.c                         0x00000000   Number         0  __printf_wp.o ABSOLUTE
    ../clib/printf.c                         0x00000000   Number         0  __printf_flags_ss.o ABSOLUTE
    ../clib/printf.c                         0x00000000   Number         0  _printf_fp_infnan.o ABSOLUTE
    ../clib/printf.c                         0x00000000   Number         0  __printf_ss.o ABSOLUTE
    ../clib/printf.c                         0x00000000   Number         0  _printf_dec.o ABSOLUTE
    ../clib/printf.c                         0x00000000   Number         0  _sputc.o ABSOLUTE
    ../clib/printf.c                         0x00000000   Number         0  __printf.o ABSOLUTE
    ../clib/printf.c                         0x00000000   Number         0  noretval__2sprintf.o ABSOLUTE
    ../clib/printf_percent.s                 0x00000000   Number         0  _printf_percent_end.o ABSOLUTE
    ../clib/printf_percent.s                 0x00000000   Number         0  _printf_f.o ABSOLUTE
    ../clib/printf_percent.s                 0x00000000   Number         0  _printf_d.o ABSOLUTE
    ../clib/printf_percent.s                 0x00000000   Number         0  _printf_percent.o ABSOLUTE
    ../clib/scanf.c                          0x00000000   Number         0  scanf_fp.o ABSOLUTE
    ../clib/scanf.c                          0x00000000   Number         0  _sgetc.o ABSOLUTE
    ../clib/scanf.c                          0x00000000   Number         0  strtod.o ABSOLUTE
    ../clib/scanf.c                          0x00000000   Number         0  scanf_infnan.o ABSOLUTE
    ../clib/scanf.c                          0x00000000   Number         0  scanf_hexfp.o ABSOLUTE
    ../clib/scanf.c                          0x00000000   Number         0  _chval.o ABSOLUTE
    ../clib/signal.c                         0x00000000   Number         0  defsig_rtmem_formal.o ABSOLUTE
    ../clib/signal.c                         0x00000000   Number         0  defsig_fpe_inner.o ABSOLUTE
    ../clib/signal.c                         0x00000000   Number         0  defsig_abrt_inner.o ABSOLUTE
    ../clib/signal.c                         0x00000000   Number         0  defsig_rtmem_outer.o ABSOLUTE
    ../clib/signal.c                         0x00000000   Number         0  defsig_rtmem_inner.o ABSOLUTE
    ../clib/signal.c                         0x00000000   Number         0  defsig_stak_inner.o ABSOLUTE
    ../clib/signal.c                         0x00000000   Number         0  defsig_rtred_inner.o ABSOLUTE
    ../clib/signal.c                         0x00000000   Number         0  defsig_segv_inner.o ABSOLUTE
    ../clib/signal.c                         0x00000000   Number         0  defsig_exit.o ABSOLUTE
    ../clib/signal.c                         0x00000000   Number         0  defsig_other.o ABSOLUTE
    ../clib/signal.c                         0x00000000   Number         0  __raise.o ABSOLUTE
    ../clib/signal.c                         0x00000000   Number         0  defsig_cppl_inner.o ABSOLUTE
    ../clib/signal.c                         0x00000000   Number         0  defsig_pvfn_inner.o ABSOLUTE
    ../clib/signal.c                         0x00000000   Number         0  defsig_general.o ABSOLUTE
    ../clib/signal.s                         0x00000000   Number         0  defsig.o ABSOLUTE
    ../clib/stdlib.c                         0x00000000   Number         0  exit.o ABSOLUTE
    ../clib/string.c                         0x00000000   Number         0  strcspn.o ABSOLUTE
    ../clib/string.c                         0x00000000   Number         0  strtok_int.o ABSOLUTE
    ../clib/string.c                         0x00000000   Number         0  strtok.o ABSOLUTE
    ../clib/string.c                         0x00000000   Number         0  strcpy.o ABSOLUTE
    ../clib/string.c                         0x00000000   Number         0  strspn.o ABSOLUTE
    ../fplib/basic.s                         0x00000000   Number         0  basic.o ABSOLUTE
    ../fplib/d2f.s                           0x00000000   Number         0  d2f.o ABSOLUTE
    ../fplib/daddsub.s                       0x00000000   Number         0  daddsub_clz.o ABSOLUTE
    ../fplib/dcheck1.s                       0x00000000   Number         0  dcheck1.o ABSOLUTE
    ../fplib/dcmpi.s                         0x00000000   Number         0  dcmpi.o ABSOLUTE
    ../fplib/ddiv.s                          0x00000000   Number         0  ddiv.o ABSOLUTE
    ../fplib/deqf.s                          0x00000000   Number         0  deqf.o ABSOLUTE
    ../fplib/dfix.s                          0x00000000   Number         0  dfix.o ABSOLUTE
    ../fplib/dflt.s                          0x00000000   Number         0  dflt_clz.o ABSOLUTE
    ../fplib/dleqf.s                         0x00000000   Number         0  dleqf.o ABSOLUTE
    ../fplib/dmul.s                          0x00000000   Number         0  dmul.o ABSOLUTE
    ../fplib/dnaninf.s                       0x00000000   Number         0  dnaninf.o ABSOLUTE
    ../fplib/dretinf.s                       0x00000000   Number         0  dretinf.o ABSOLUTE
    ../fplib/drleqf.s                        0x00000000   Number         0  drleqf.o ABSOLUTE
    ../fplib/dsqrt.s                         0x00000000   Number         0  dsqrt_umaal.o ABSOLUTE
    ../fplib/fpconst.s                       0x00000000   Number         0  fpconst.o ABSOLUTE
    ../fplib/fpinit.s                        0x00000000   Number         0  fpinit.o ABSOLUTE
    ../fplib/fretinf.s                       0x00000000   Number         0  fretinf.o ABSOLUTE
    ../fplib/istatus.s                       0x00000000   Number         0  istatus.o ABSOLUTE
    ../fplib/printf1.s                       0x00000000   Number         0  printf1.o ABSOLUTE
    ../fplib/retnan.s                        0x00000000   Number         0  retnan.o ABSOLUTE
    ../fplib/scalbn.s                        0x00000000   Number         0  scalbn.o ABSOLUTE
    ../fplib/scanf1.s                        0x00000000   Number         0  scanf1.o ABSOLUTE
    ../fplib/scanf2.s                        0x00000000   Number         0  scanf2.o ABSOLUTE
    ../fplib/scanf2a.s                       0x00000000   Number         0  scanf2a.o ABSOLUTE
    ../fplib/scanf2b.s                       0x00000000   Number         0  scanf2b.o ABSOLUTE
    ../fplib/trapv.s                         0x00000000   Number         0  trapv.o ABSOLUTE
    ../fplib/usenofp.s                       0x00000000   Number         0  usenofp.o ABSOLUTE
    ../mathlib/acos.c                        0x00000000   Number         0  acos_x.o ABSOLUTE
    ../mathlib/acos.c                        0x00000000   Number         0  acos.o ABSOLUTE
    ../mathlib/atof.c                        0x00000000   Number         0  atof.o ABSOLUTE
    ../mathlib/cos.c                         0x00000000   Number         0  cos_x.o ABSOLUTE
    ../mathlib/cos.c                         0x00000000   Number         0  cos.o ABSOLUTE
    ../mathlib/cos_i.c                       0x00000000   Number         0  cos_i.o ABSOLUTE
    ../mathlib/dunder.c                      0x00000000   Number         0  dunder.o ABSOLUTE
    ../mathlib/fabs.c                        0x00000000   Number         0  fabs.o ABSOLUTE
    ../mathlib/fpclassify.c                  0x00000000   Number         0  fpclassify.o ABSOLUTE
    ../mathlib/frexp.c                       0x00000000   Number         0  frexp.o ABSOLUTE
    ../mathlib/ldexp.c                       0x00000000   Number         0  ldexp_x.o ABSOLUTE
    ../mathlib/ldexp.c                       0x00000000   Number         0  ldexp.o ABSOLUTE
    ../mathlib/narrow.c                      0x00000000   Number         0  narrow.o ABSOLUTE
    ../mathlib/poly.c                        0x00000000   Number         0  poly.o ABSOLUTE
    ../mathlib/qnan.c                        0x00000000   Number         0  qnan.o ABSOLUTE
    ../mathlib/rred.c                        0x00000000   Number         0  rred.o ABSOLUTE
    ../mathlib/sin.c                         0x00000000   Number         0  sin_x.o ABSOLUTE
    ../mathlib/sin.c                         0x00000000   Number         0  sin.o ABSOLUTE
    ../mathlib/sin_i.c                       0x00000000   Number         0  sin_i.o ABSOLUTE
    ../mathlib/sin_i.c                       0x00000000   Number         0  sin_i_x.o ABSOLUTE
    ../mathlib/sqrt.c                        0x00000000   Number         0  sqrt_x.o ABSOLUTE
    ../mathlib/sqrt.c                        0x00000000   Number         0  sqrt.o ABSOLUTE
    dc.s                                     0x00000000   Number         0  dc.o ABSOLUTE
    main.c                                   0x00000000   Number         0  main.o ABSOLUTE
    startup_TM4C123.s                        0x00000000   Number         0  startup_tm4c123.o ABSOLUTE
    !!!main                                  0x0000026c   Section        8  __main.o(!!!main)
    !!!scatter                               0x00000274   Section       52  __scatter.o(!!!scatter)
    !!handler_copy                           0x000002a8   Section       26  __scatter_copy.o(!!handler_copy)
    !!handler_zi                             0x000002c4   Section       28  __scatter_zi.o(!!handler_zi)
    .ARM.Collect$$_printf_percent$$00000000  0x000002e0   Section        0  _printf_percent.o(.ARM.Collect$$_printf_percent$$00000000)
    .ARM.Collect$$_printf_percent$$00000003  0x000002e0   Section        6  _printf_f.o(.ARM.Collect$$_printf_percent$$00000003)
    .ARM.Collect$$_printf_percent$$00000009  0x000002e6   Section        6  _printf_d.o(.ARM.Collect$$_printf_percent$$00000009)
    .ARM.Collect$$_printf_percent$$00000017  0x000002ec   Section        4  _printf_percent_end.o(.ARM.Collect$$_printf_percent$$00000017)
    .ARM.Collect$$libinit$$00000000          0x000002f0   Section        2  libinit.o(.ARM.Collect$$libinit$$00000000)
    .ARM.Collect$$libinit$$00000001          0x000002f2   Section        4  libinit2.o(.ARM.Collect$$libinit$$00000001)
    .ARM.Collect$$libinit$$00000008          0x000002f6   Section        0  libinit2.o(.ARM.Collect$$libinit$$00000008)
    .ARM.Collect$$libinit$$0000000A          0x000002f6   Section        0  libinit2.o(.ARM.Collect$$libinit$$0000000A)
    .ARM.Collect$$libinit$$0000000C          0x000002f6   Section        0  libinit2.o(.ARM.Collect$$libinit$$0000000C)
    .ARM.Collect$$libinit$$0000000D          0x000002f6   Section        6  libinit2.o(.ARM.Collect$$libinit$$0000000D)
    .ARM.Collect$$libinit$$0000000F          0x000002fc   Section        0  libinit2.o(.ARM.Collect$$libinit$$0000000F)
    .ARM.Collect$$libinit$$00000010          0x000002fc   Section       12  libinit2.o(.ARM.Collect$$libinit$$00000010)
    .ARM.Collect$$libinit$$00000011          0x00000308   Section        0  libinit2.o(.ARM.Collect$$libinit$$00000011)
    .ARM.Collect$$libinit$$00000013          0x00000308   Section        0  libinit2.o(.ARM.Collect$$libinit$$00000013)
    .ARM.Collect$$libinit$$00000014          0x00000308   Section       10  libinit2.o(.ARM.Collect$$libinit$$00000014)
    .ARM.Collect$$libinit$$00000015          0x00000312   Section        0  libinit2.o(.ARM.Collect$$libinit$$00000015)
    .ARM.Collect$$libinit$$00000017          0x00000312   Section        0  libinit2.o(.ARM.Collect$$libinit$$00000017)
    .ARM.Collect$$libinit$$00000019          0x00000312   Section        0  libinit2.o(.ARM.Collect$$libinit$$00000019)
    .ARM.Collect$$libinit$$0000001B          0x00000312   Section        0  libinit2.o(.ARM.Collect$$libinit$$0000001B)
    .ARM.Collect$$libinit$$0000001D          0x00000312   Section        0  libinit2.o(.ARM.Collect$$libinit$$0000001D)
    .ARM.Collect$$libinit$$0000001F          0x00000312   Section        0  libinit2.o(.ARM.Collect$$libinit$$0000001F)
    .ARM.Collect$$libinit$$00000021          0x00000312   Section        0  libinit2.o(.ARM.Collect$$libinit$$00000021)
    .ARM.Collect$$libinit$$00000023          0x00000312   Section        0  libinit2.o(.ARM.Collect$$libinit$$00000023)
    .ARM.Collect$$libinit$$0000002A          0x00000312   Section        0  libinit2.o(.ARM.Collect$$libinit$$0000002A)
    .ARM.Collect$$libinit$$0000002C          0x00000312   Section        0  libinit2.o(.ARM.Collect$$libinit$$0000002C)
    .ARM.Collect$$libinit$$0000002E          0x00000312   Section        0  libinit2.o(.ARM.Collect$$libinit$$0000002E)
    .ARM.Collect$$libinit$$00000030          0x00000312   Section        0  libinit2.o(.ARM.Collect$$libinit$$00000030)
    .ARM.Collect$$libinit$$00000031          0x00000312   Section        2  libinit2.o(.ARM.Collect$$libinit$$00000031)
    .ARM.Collect$$libshutdown$$00000000      0x00000314   Section        2  libshutdown.o(.ARM.Collect$$libshutdown$$00000000)
    .ARM.Collect$$libshutdown$$00000003      0x00000316   Section        0  libshutdown2.o(.ARM.Collect$$libshutdown$$00000003)
    .ARM.Collect$$libshutdown$$00000006      0x00000316   Section        0  libshutdown2.o(.ARM.Collect$$libshutdown$$00000006)
    .ARM.Collect$$libshutdown$$00000009      0x00000316   Section        0  libshutdown2.o(.ARM.Collect$$libshutdown$$00000009)
    .ARM.Collect$$libshutdown$$0000000B      0x00000316   Section        0  libshutdown2.o(.ARM.Collect$$libshutdown$$0000000B)
    .ARM.Collect$$libshutdown$$0000000E      0x00000316   Section        0  libshutdown2.o(.ARM.Collect$$libshutdown$$0000000E)
    .ARM.Collect$$libshutdown$$0000000F      0x00000316   Section        2  libshutdown2.o(.ARM.Collect$$libshutdown$$0000000F)
    .ARM.Collect$$rtentry$$00000000          0x00000318   Section        0  rtentry.o(.ARM.Collect$$rtentry$$00000000)
    .ARM.Collect$$rtentry$$00000002          0x00000318   Section        0  rtentry2.o(.ARM.Collect$$rtentry$$00000002)
    .ARM.Collect$$rtentry$$00000004          0x00000318   Section        6  rtentry4.o(.ARM.Collect$$rtentry$$00000004)
    .ARM.Collect$$rtentry$$00000009          0x0000031e   Section        0  rtentry2.o(.ARM.Collect$$rtentry$$00000009)
    .ARM.Collect$$rtentry$$0000000A          0x0000031e   Section        4  rtentry2.o(.ARM.Collect$$rtentry$$0000000A)
    .ARM.Collect$$rtentry$$0000000C          0x00000322   Section        0  rtentry2.o(.ARM.Collect$$rtentry$$0000000C)
    .ARM.Collect$$rtentry$$0000000D          0x00000322   Section        8  rtentry2.o(.ARM.Collect$$rtentry$$0000000D)
    .ARM.Collect$$rtexit$$00000000           0x0000032a   Section        2  rtexit.o(.ARM.Collect$$rtexit$$00000000)
    .ARM.Collect$$rtexit$$00000002           0x0000032c   Section        0  rtexit2.o(.ARM.Collect$$rtexit$$00000002)
    .ARM.Collect$$rtexit$$00000003           0x0000032c   Section        4  rtexit2.o(.ARM.Collect$$rtexit$$00000003)
    .ARM.Collect$$rtexit$$00000004           0x00000330   Section        6  rtexit2.o(.ARM.Collect$$rtexit$$00000004)
    .text                                    0x00000338   Section      276  startup_tm4c123.o(.text)
    $v0                                      0x00000338   Number         0  startup_tm4c123.o(.text)
    .text                                    0x0000044c   Section        0  main.o(.text)
    .text                                    0x000011a4   Section        0  noretval__2sprintf.o(.text)
    .text                                    0x000011cc   Section        0  __printf.o(.text)
    .text                                    0x00001234   Section        0  _printf_dec.o(.text)
    .text                                    0x000012ac   Section        0  strtok.o(.text)
    .text                                    0x000012b8   Section        0  strcpy.o(.text)
    .text                                    0x00001300   Section      128  strcmpv7m.o(.text)
    .text                                    0x00001380   Section        0  heapauxi.o(.text)
    .text                                    0x00001386   Section        0  _rserrno.o(.text)
    .text                                    0x0000139c   Section        0  _printf_intcommon.o(.text)
    .text                                    0x00001454   Section        0  _printf_fp_dec.o(.text)
    _fp_digits                               0x00001457   Thumb Code   426  _printf_fp_dec.o(.text)
    .text                                    0x00001874   Section        0  _printf_char_common.o(.text)
    _printf_input_char                       0x00001875   Thumb Code    10  _printf_char_common.o(.text)
    .text                                    0x000018a4   Section        0  _sputc.o(.text)
    .text                                    0x000018b0   Section        0  strtod.o(.text)
    _local_sscanf                            0x000018b1   Thumb Code    60  strtod.o(.text)
    .text                                    0x00001950   Section        0  strtok_int.o(.text)
    .text                                    0x00001994   Section        8  rt_locale_intlibspace.o(.text)
    .text                                    0x0000199c   Section        8  rt_errno_addr_intlibspace.o(.text)
    .text                                    0x000019a4   Section      138  lludiv10.o(.text)
    .text                                    0x00001a2e   Section        0  isspace.o(.text)
    .text                                    0x00001a40   Section        0  _printf_fp_infnan.o(.text)
    .text                                    0x00001ac0   Section        0  _sgetc.o(.text)
    .text                                    0x00001b00   Section        0  bigflt0.o(.text)
    .text                                    0x00001be4   Section        0  strcspn.o(.text)
    .text                                    0x00001c04   Section        0  strspn.o(.text)
    .text                                    0x00001c20   Section        8  libspace.o(.text)
    .text                                    0x00001c28   Section       74  sys_stackheap_outer.o(.text)
    .text                                    0x00001c74   Section       16  rt_ctype_table.o(.text)
    .text                                    0x00001c84   Section        0  scanf_fp.o(.text)
    _fp_value                                0x00001c85   Thumb Code   504  scanf_fp.o(.text)
    .text                                    0x00002128   Section        0  exit.o(.text)
    .text                                    0x00002134   Section        0  scanf_hexfp.o(.text)
    .text                                    0x00002448   Section        0  scanf_infnan.o(.text)
    .text                                    0x00002584   Section        0  sys_exit.o(.text)
    .text                                    0x00002590   Section       38  llshl.o(.text)
    .text                                    0x000025b6   Section        0  _chval.o(.text)
    .text                                    0x000025d2   Section        2  use_no_semi.o(.text)
    .text                                    0x000025d4   Section        0  indicate_semi.o(.text)
    CL$$btod_d2e                             0x000025d4   Section       62  btod.o(CL$$btod_d2e)
    CL$$btod_d2e_denorm_low                  0x00002612   Section       70  btod.o(CL$$btod_d2e_denorm_low)
    CL$$btod_d2e_norm_op1                    0x00002658   Section       96  btod.o(CL$$btod_d2e_norm_op1)
    CL$$btod_div_common                      0x000026b8   Section      824  btod.o(CL$$btod_div_common)
    CL$$btod_e2d                             0x000029f0   Section       84  btod.o(CL$$btod_e2d)
    CL$$btod_e2e                             0x00002a44   Section      198  btod.o(CL$$btod_e2e)
    CL$$btod_ediv                            0x00002b0a   Section       40  btod.o(CL$$btod_ediv)
    CL$$btod_edivd                           0x00002b32   Section       40  btod.o(CL$$btod_edivd)
    CL$$btod_emul                            0x00002b5a   Section       40  btod.o(CL$$btod_emul)
    CL$$btod_emuld                           0x00002b82   Section       40  btod.o(CL$$btod_emuld)
    CL$$btod_mult_common                     0x00002baa   Section      580  btod.o(CL$$btod_mult_common)
    i.__ARM_fpclassify                       0x00002dee   Section        0  fpclassify.o(i.__ARM_fpclassify)
    i.__hardfp_acos                          0x00002e20   Section        0  acos.o(i.__hardfp_acos)
    i.__hardfp_atof                          0x00003170   Section        0  atof.o(i.__hardfp_atof)
    i.__hardfp_cos                           0x000031a8   Section        0  cos.o(i.__hardfp_cos)
    i.__hardfp_ldexp                         0x00003280   Section        0  ldexp.o(i.__hardfp_ldexp)
    i.__hardfp_sin                           0x00003368   Section        0  sin.o(i.__hardfp_sin)
    i.__ieee754_rem_pio2                     0x00003440   Section        0  rred.o(i.__ieee754_rem_pio2)
    i.__kernel_cos                           0x00003898   Section        0  cos_i.o(i.__kernel_cos)
    i.__kernel_poly                          0x00003a08   Section        0  poly.o(i.__kernel_poly)
    i.__kernel_sin                           0x00003b00   Section        0  sin_i.o(i.__kernel_sin)
    i.__mathlib_dbl_underflow                0x00003c30   Section        0  dunder.o(i.__mathlib_dbl_underflow)
    i.__mathlib_narrow                       0x00003c50   Section        0  narrow.o(i.__mathlib_narrow)
    i.__support_ldexp                        0x00003d08   Section        0  ldexp.o(i.__support_ldexp)
    i._is_digit                              0x00003d1c   Section        0  __printf_wp.o(i._is_digit)
    i.fabs                                   0x00003d2a   Section        0  fabs.o(i.fabs)
    i.frexp                                  0x00003d50   Section        0  frexp.o(i.frexp)
    i.sqrt                                   0x00003dec   Section        0  sqrt.o(i.sqrt)
    locale$$code                             0x00003e5c   Section       44  lc_numeric_c.o(locale$$code)
    locale$$code                             0x00003e88   Section       44  lc_ctype_c.o(locale$$code)
    x$fpl$basic                              0x00003eb4   Section       24  basic.o(x$fpl$basic)
    $v0                                      0x00003eb4   Number         0  basic.o(x$fpl$basic)
    x$fpl$d2f                                0x00003ecc   Section       98  d2f.o(x$fpl$d2f)
    $v0                                      0x00003ecc   Number         0  d2f.o(x$fpl$d2f)
    x$fpl$dadd                               0x00003f30   Section      336  daddsub_clz.o(x$fpl$dadd)
    $v0                                      0x00003f30   Number         0  daddsub_clz.o(x$fpl$dadd)
    _dadd1                                   0x00003f41   Thumb Code     0  daddsub_clz.o(x$fpl$dadd)
    x$fpl$dcheck1                            0x00004080   Section       16  dcheck1.o(x$fpl$dcheck1)
    $v0                                      0x00004080   Number         0  dcheck1.o(x$fpl$dcheck1)
    x$fpl$dcmpinf                            0x00004090   Section       24  dcmpi.o(x$fpl$dcmpinf)
    $v0                                      0x00004090   Number         0  dcmpi.o(x$fpl$dcmpinf)
    x$fpl$ddiv                               0x000040a8   Section      688  ddiv.o(x$fpl$ddiv)
    $v0                                      0x000040a8   Number         0  ddiv.o(x$fpl$ddiv)
    ddiv_entry                               0x000040af   Thumb Code     0  ddiv.o(x$fpl$ddiv)
    x$fpl$deqf                               0x00004358   Section      120  deqf.o(x$fpl$deqf)
    $v0                                      0x00004358   Number         0  deqf.o(x$fpl$deqf)
    x$fpl$dfix                               0x000043d0   Section       94  dfix.o(x$fpl$dfix)
    $v0                                      0x000043d0   Number         0  dfix.o(x$fpl$dfix)
    x$fpl$dflt                               0x0000442e   Section       46  dflt_clz.o(x$fpl$dflt)
    $v0                                      0x0000442e   Number         0  dflt_clz.o(x$fpl$dflt)
    x$fpl$dfltu                              0x0000445c   Section       38  dflt_clz.o(x$fpl$dfltu)
    $v0                                      0x0000445c   Number         0  dflt_clz.o(x$fpl$dfltu)
    x$fpl$dleqf                              0x00004484   Section      120  dleqf.o(x$fpl$dleqf)
    $v0                                      0x00004484   Number         0  dleqf.o(x$fpl$dleqf)
    x$fpl$dmul                               0x000044fc   Section      340  dmul.o(x$fpl$dmul)
    $v0                                      0x000044fc   Number         0  dmul.o(x$fpl$dmul)
    x$fpl$dnaninf                            0x00004650   Section      156  dnaninf.o(x$fpl$dnaninf)
    $v0                                      0x00004650   Number         0  dnaninf.o(x$fpl$dnaninf)
    x$fpl$dretinf                            0x000046ec   Section       12  dretinf.o(x$fpl$dretinf)
    $v0                                      0x000046ec   Number         0  dretinf.o(x$fpl$dretinf)
    x$fpl$drleqf                             0x000046f8   Section      108  drleqf.o(x$fpl$drleqf)
    $v0                                      0x000046f8   Number         0  drleqf.o(x$fpl$drleqf)
    x$fpl$drsb                               0x00004764   Section       22  daddsub_clz.o(x$fpl$drsb)
    $v0                                      0x00004764   Number         0  daddsub_clz.o(x$fpl$drsb)
    x$fpl$dsqrt                              0x0000477c   Section      408  dsqrt_umaal.o(x$fpl$dsqrt)
    $v0                                      0x0000477c   Number         0  dsqrt_umaal.o(x$fpl$dsqrt)
    x$fpl$dsub                               0x00004914   Section      468  daddsub_clz.o(x$fpl$dsub)
    $v0                                      0x00004914   Number         0  daddsub_clz.o(x$fpl$dsub)
    _dsub1                                   0x00004925   Thumb Code     0  daddsub_clz.o(x$fpl$dsub)
    x$fpl$fpinit                             0x00004ae8   Section       10  fpinit.o(x$fpl$fpinit)
    $v0                                      0x00004ae8   Number         0  fpinit.o(x$fpl$fpinit)
    x$fpl$fretinf                            0x00004af2   Section       10  fretinf.o(x$fpl$fretinf)
    $v0                                      0x00004af2   Number         0  fretinf.o(x$fpl$fretinf)
    x$fpl$printf1                            0x00004afc   Section        4  printf1.o(x$fpl$printf1)
    $v0                                      0x00004afc   Number         0  printf1.o(x$fpl$printf1)
    x$fpl$retnan                             0x00004b00   Section      100  retnan.o(x$fpl$retnan)
    $v0                                      0x00004b00   Number         0  retnan.o(x$fpl$retnan)
    x$fpl$scalbn                             0x00004b64   Section       92  scalbn.o(x$fpl$scalbn)
    $v0                                      0x00004b64   Number         0  scalbn.o(x$fpl$scalbn)
    x$fpl$scanf1                             0x00004bc0   Section        4  scanf1.o(x$fpl$scanf1)
    $v0                                      0x00004bc0   Number         0  scanf1.o(x$fpl$scanf1)
    x$fpl$scanf2                             0x00004bc4   Section        8  scanf2.o(x$fpl$scanf2)
    $v0                                      0x00004bc4   Number         0  scanf2.o(x$fpl$scanf2)
    x$fpl$trapveneer                         0x00004bcc   Section       48  trapv.o(x$fpl$trapveneer)
    $v0                                      0x00004bcc   Number         0  trapv.o(x$fpl$trapveneer)
    x$fpl$usenofp                            0x00004bfc   Section        0  usenofp.o(x$fpl$usenofp)
    .constdata                               0x00004c00   Section       80  acos.o(.constdata)
    pS                                       0x00004c00   Data          48  acos.o(.constdata)
    qS                                       0x00004c30   Data          32  acos.o(.constdata)
    .constdata                               0x00004c50   Section       48  cos_i.o(.constdata)
    C                                        0x00004c50   Data          48  cos_i.o(.constdata)
    .constdata                               0x00004c80   Section      200  rred.o(.constdata)
    pio2s                                    0x00004c80   Data          48  rred.o(.constdata)
    twooverpi                                0x00004cb0   Data         152  rred.o(.constdata)
    .constdata                               0x00004d48   Section       40  sin_i.o(.constdata)
    S                                        0x00004d48   Data          40  sin_i.o(.constdata)
    .constdata                               0x00004d70   Section      148  bigflt0.o(.constdata)
    tenpwrs_x                                0x00004d70   Data          60  bigflt0.o(.constdata)
    tenpwrs_i                                0x00004dac   Data          64  bigflt0.o(.constdata)
    c$$dinf                                  0x00004e24   Section        8  fpconst.o(c$$dinf)
    locale$$data                             0x00004e2c   Section       28  lc_numeric_c.o(locale$$data)
    __lcnum_c_name                           0x00004e30   Data           2  lc_numeric_c.o(locale$$data)
    __lcnum_c_start                          0x00004e38   Data           0  lc_numeric_c.o(locale$$data)
    __lcnum_c_point                          0x00004e44   Data           0  lc_numeric_c.o(locale$$data)
    __lcnum_c_thousands                      0x00004e46   Data           0  lc_numeric_c.o(locale$$data)
    __lcnum_c_grouping                       0x00004e47   Data           0  lc_numeric_c.o(locale$$data)
    locale$$data                             0x00004e48   Section      272  lc_ctype_c.o(locale$$data)
    __lcnum_c_end                            0x00004e48   Data           0  lc_numeric_c.o(locale$$data)
    __lcctype_c_name                         0x00004e4c   Data           2  lc_ctype_c.o(locale$$data)
    __lcctype_c_start                        0x00004e54   Data           0  lc_ctype_c.o(locale$$data)
    __lcctype_c_end                          0x00004f58   Data           0  lc_ctype_c.o(locale$$data)
    .data                                    0x20000000   Section        2  main.o(.data)
    flashKey_                                0x20000000   Data           2  main.o(.data)
    .data                                    0x20000004   Section        4  strtok.o(.data)
    _strtok_saves1                           0x20000004   Data           4  strtok.o(.data)
    .bss                                     0x20000008   Section       96  libspace.o(.bss)
    HEAP                                     0x20000068   Section        0  startup_tm4c123.o(HEAP)
    STACK                                    0x20000068   Section     2048  startup_tm4c123.o(STACK)
    Heap_Mem                                 0x20000068   Data           0  startup_tm4c123.o(HEAP)
    Stack_Mem                                0x20000068   Data        2048  startup_tm4c123.o(STACK)
    __initial_sp                             0x20000868   Data           0  startup_tm4c123.o(STACK)

    Global Symbols

    Symbol Name                              Value     Ov Type        Size  Object(Section)

    BuildAttributes$$THM_ISAv4$E$P$D$K$B$S$7EM$VFPi3$EXTD16$VFPS$VFMA$PE$A:L22UL41UL21$X:L11$S22US41US21$IEEE1$IW$USESV6$~STKCKD$USESV7$~SHL$OTIME$ROPI$IEEEX$EBA8$UX$STANDARDLIB$REQ8$PRES8$EABIv2 0x00000000   Number         0  anon$$obj.o ABSOLUTE
    __ARM_use_no_argv                        0x00000000   Number         0  main.o ABSOLUTE
    __Vectors                                0x00000000   Data           4  startup_tm4c123.o(RESET)
    __ARM_exceptions_init                     - Undefined Weak Reference
    __alloca_initialize                       - Undefined Weak Reference
    __cpp_initialize__aeabi_                  - Undefined Weak Reference
    __cxa_finalize                            - Undefined Weak Reference
    __sigvec_lookup                           - Undefined Weak Reference
    _atexit_init                              - Undefined Weak Reference
    _call_atexit_fns                          - Undefined Weak Reference
    _clock_init                               - Undefined Weak Reference
    _fp_trap_init                             - Undefined Weak Reference
    _fp_trap_shutdown                         - Undefined Weak Reference
    _get_lc_collate                           - Undefined Weak Reference
    _get_lc_monetary                          - Undefined Weak Reference
    _get_lc_time                              - Undefined Weak Reference
    _getenv_init                              - Undefined Weak Reference
    _handle_redirection                       - Undefined Weak Reference
    _init_alloc                               - Undefined Weak Reference
    _init_user_alloc                          - Undefined Weak Reference
    _initio                                   - Undefined Weak Reference
    _printf_post_padding                      - Undefined Weak Reference
    _printf_pre_padding                       - Undefined Weak Reference
    _printf_truncate_signed                   - Undefined Weak Reference
    _printf_truncate_unsigned                 - Undefined Weak Reference
    _rand_init                                - Undefined Weak Reference
    _signal_finish                            - Undefined Weak Reference
    _signal_init                              - Undefined Weak Reference
    _terminate_alloc                          - Undefined Weak Reference
    _terminate_user_alloc                     - Undefined Weak Reference
    _terminateio                              - Undefined Weak Reference
    __Vectors_End                            0x0000026c   Data           0  startup_tm4c123.o(RESET)
    __Vectors_Size                           0x0000026c   Number         0  startup_tm4c123.o ABSOLUTE
    __main                                   0x0000026d   Thumb Code     8  __main.o(!!!main)
    __scatterload                            0x00000275   Thumb Code     0  __scatter.o(!!!scatter)
    __scatterload_rt2                        0x00000275   Thumb Code    44  __scatter.o(!!!scatter)
    __scatterload_rt2_thumb_only             0x00000275   Thumb Code     0  __scatter.o(!!!scatter)
    __scatterload_null                       0x00000283   Thumb Code     0  __scatter.o(!!!scatter)
    __scatterload_copy                       0x000002a9   Thumb Code    26  __scatter_copy.o(!!handler_copy)
    __scatterload_zeroinit                   0x000002c5   Thumb Code    28  __scatter_zi.o(!!handler_zi)
    _printf_f                                0x000002e1   Thumb Code     0  _printf_f.o(.ARM.Collect$$_printf_percent$$00000003)
    _printf_percent                          0x000002e1   Thumb Code     0  _printf_percent.o(.ARM.Collect$$_printf_percent$$00000000)
    _printf_d                                0x000002e7   Thumb Code     0  _printf_d.o(.ARM.Collect$$_printf_percent$$00000009)
    _printf_percent_end                      0x000002ed   Thumb Code     0  _printf_percent_end.o(.ARM.Collect$$_printf_percent$$00000017)
    __rt_lib_init                            0x000002f1   Thumb Code     0  libinit.o(.ARM.Collect$$libinit$$00000000)
    __rt_lib_init_fp_1                       0x000002f3   Thumb Code     0  libinit2.o(.ARM.Collect$$libinit$$00000001)
    __rt_lib_init_heap_1                     0x000002f7   Thumb Code     0  libinit2.o(.ARM.Collect$$libinit$$00000008)
    __rt_lib_init_lc_common                  0x000002f7   Thumb Code     0  libinit2.o(.ARM.Collect$$libinit$$0000000D)
    __rt_lib_init_rand_1                     0x000002f7   Thumb Code     0  libinit2.o(.ARM.Collect$$libinit$$0000000C)
    __rt_lib_init_user_alloc_1               0x000002f7   Thumb Code     0  libinit2.o(.ARM.Collect$$libinit$$0000000A)
    __rt_lib_init_lc_collate_1               0x000002fd   Thumb Code     0  libinit2.o(.ARM.Collect$$libinit$$0000000F)
    __rt_lib_init_lc_ctype_2                 0x000002fd   Thumb Code     0  libinit2.o(.ARM.Collect$$libinit$$00000010)
    __rt_lib_init_lc_ctype_1                 0x00000309   Thumb Code     0  libinit2.o(.ARM.Collect$$libinit$$00000011)
    __rt_lib_init_lc_monetary_1              0x00000309   Thumb Code     0  libinit2.o(.ARM.Collect$$libinit$$00000013)
    __rt_lib_init_lc_numeric_2               0x00000309   Thumb Code     0  libinit2.o(.ARM.Collect$$libinit$$00000014)
    __rt_lib_init_alloca_1                   0x00000313   Thumb Code     0  libinit2.o(.ARM.Collect$$libinit$$0000002C)
    __rt_lib_init_argv_1                     0x00000313   Thumb Code     0  libinit2.o(.ARM.Collect$$libinit$$0000002A)
    __rt_lib_init_atexit_1                   0x00000313   Thumb Code     0  libinit2.o(.ARM.Collect$$libinit$$00000019)
    __rt_lib_init_clock_1                    0x00000313   Thumb Code     0  libinit2.o(.ARM.Collect$$libinit$$0000001F)
    __rt_lib_init_cpp_1                      0x00000313   Thumb Code     0  libinit2.o(.ARM.Collect$$libinit$$00000030)
    __rt_lib_init_exceptions_1               0x00000313   Thumb Code     0  libinit2.o(.ARM.Collect$$libinit$$0000002E)
    __rt_lib_init_fp_trap_1                  0x00000313   Thumb Code     0  libinit2.o(.ARM.Collect$$libinit$$0000001D)
    __rt_lib_init_getenv_1                   0x00000313   Thumb Code     0  libinit2.o(.ARM.Collect$$libinit$$00000021)
    __rt_lib_init_lc_numeric_1               0x00000313   Thumb Code     0  libinit2.o(.ARM.Collect$$libinit$$00000015)
    __rt_lib_init_lc_time_1                  0x00000313   Thumb Code     0  libinit2.o(.ARM.Collect$$libinit$$00000017)
    __rt_lib_init_return                     0x00000313   Thumb Code     0  libinit2.o(.ARM.Collect$$libinit$$00000031)
    __rt_lib_init_signal_1                   0x00000313   Thumb Code     0  libinit2.o(.ARM.Collect$$libinit$$0000001B)
    __rt_lib_init_stdio_1                    0x00000313   Thumb Code     0  libinit2.o(.ARM.Collect$$libinit$$00000023)
    __rt_lib_shutdown                        0x00000315   Thumb Code     0  libshutdown.o(.ARM.Collect$$libshutdown$$00000000)
    __rt_lib_shutdown_fp_trap_1              0x00000317   Thumb Code     0  libshutdown2.o(.ARM.Collect$$libshutdown$$00000006)
    __rt_lib_shutdown_heap_1                 0x00000317   Thumb Code     0  libshutdown2.o(.ARM.Collect$$libshutdown$$0000000E)
    __rt_lib_shutdown_return                 0x00000317   Thumb Code     0  libshutdown2.o(.ARM.Collect$$libshutdown$$0000000F)
    __rt_lib_shutdown_signal_1               0x00000317   Thumb Code     0  libshutdown2.o(.ARM.Collect$$libshutdown$$00000009)
    __rt_lib_shutdown_stdio_1                0x00000317   Thumb Code     0  libshutdown2.o(.ARM.Collect$$libshutdown$$00000003)
    __rt_lib_shutdown_user_alloc_1           0x00000317   Thumb Code     0  libshutdown2.o(.ARM.Collect$$libshutdown$$0000000B)
    __rt_entry                               0x00000319   Thumb Code     0  rtentry.o(.ARM.Collect$$rtentry$$00000000)
    __rt_entry_presh_1                       0x00000319   Thumb Code     0  rtentry2.o(.ARM.Collect$$rtentry$$00000002)
    __rt_entry_sh                            0x00000319   Thumb Code     0  rtentry4.o(.ARM.Collect$$rtentry$$00000004)
    __rt_entry_li                            0x0000031f   Thumb Code     0  rtentry2.o(.ARM.Collect$$rtentry$$0000000A)
    __rt_entry_postsh_1                      0x0000031f   Thumb Code     0  rtentry2.o(.ARM.Collect$$rtentry$$00000009)
    __rt_entry_main                          0x00000323   Thumb Code     0  rtentry2.o(.ARM.Collect$$rtentry$$0000000D)
    __rt_entry_postli_1                      0x00000323   Thumb Code     0  rtentry2.o(.ARM.Collect$$rtentry$$0000000C)
    __rt_exit                                0x0000032b   Thumb Code     0  rtexit.o(.ARM.Collect$$rtexit$$00000000)
    __rt_exit_ls                             0x0000032d   Thumb Code     0  rtexit2.o(.ARM.Collect$$rtexit$$00000003)
    __rt_exit_prels_1                        0x0000032d   Thumb Code     0  rtexit2.o(.ARM.Collect$$rtexit$$00000002)
    __rt_exit_exit                           0x00000331   Thumb Code     0  rtexit2.o(.ARM.Collect$$rtexit$$00000004)
    Reset_Handler                            0x00000339   Thumb Code     8  startup_tm4c123.o(.text)
    NMI_Handler                              0x00000341   Thumb Code     2  startup_tm4c123.o(.text)
    HardFault_Handler                        0x00000343   Thumb Code     2  startup_tm4c123.o(.text)
    MemManage_Handler                        0x00000345   Thumb Code     2  startup_tm4c123.o(.text)
    BusFault_Handler                         0x00000347   Thumb Code     2  startup_tm4c123.o(.text)
    UsageFault_Handler                       0x00000349   Thumb Code     2  startup_tm4c123.o(.text)
    SVC_Handler                              0x0000034b   Thumb Code     2  startup_tm4c123.o(.text)
    DebugMon_Handler                         0x0000034d   Thumb Code     2  startup_tm4c123.o(.text)
    PendSV_Handler                           0x0000034f   Thumb Code     2  startup_tm4c123.o(.text)
    SysTick_Handler                          0x00000351   Thumb Code     2  startup_tm4c123.o(.text)
    GPIOA_Handler                            0x00000353   Thumb Code     2  startup_tm4c123.o(.text)
    GPIOB_Handler                            0x00000355   Thumb Code     2  startup_tm4c123.o(.text)
    GPIOC_Handler                            0x00000357   Thumb Code     2  startup_tm4c123.o(.text)
    GPIOD_Handler                            0x00000359   Thumb Code     2  startup_tm4c123.o(.text)
    GPIOE_Handler                            0x0000035b   Thumb Code     2  startup_tm4c123.o(.text)
    UART0_Handler                            0x0000035d   Thumb Code     2  startup_tm4c123.o(.text)
    UART1_Handler                            0x0000035f   Thumb Code     2  startup_tm4c123.o(.text)
    SSI0_Handler                             0x00000361   Thumb Code     2  startup_tm4c123.o(.text)
    I2C0_Handler                             0x00000363   Thumb Code     2  startup_tm4c123.o(.text)
    PMW0_FAULT_Handler                       0x00000365   Thumb Code     2  startup_tm4c123.o(.text)
    PWM0_0_Handler                           0x00000367   Thumb Code     2  startup_tm4c123.o(.text)
    PWM0_1_Handler                           0x00000369   Thumb Code     2  startup_tm4c123.o(.text)
    PWM0_2_Handler                           0x0000036b   Thumb Code     2  startup_tm4c123.o(.text)
    QEI0_Handler                             0x0000036d   Thumb Code     2  startup_tm4c123.o(.text)
    ADC0SS0_Handler                          0x0000036f   Thumb Code     2  startup_tm4c123.o(.text)
    ADC0SS1_Handler                          0x00000371   Thumb Code     2  startup_tm4c123.o(.text)
    ADC0SS2_Handler                          0x00000373   Thumb Code     2  startup_tm4c123.o(.text)
    ADC0SS3_Handler                          0x00000375   Thumb Code     2  startup_tm4c123.o(.text)
    WDT0_Handler                             0x00000377   Thumb Code     2  startup_tm4c123.o(.text)
    TIMER0A_Handler                          0x00000379   Thumb Code     2  startup_tm4c123.o(.text)
    TIMER0B_Handler                          0x0000037b   Thumb Code     2  startup_tm4c123.o(.text)
    TIMER1A_Handler                          0x0000037d   Thumb Code     2  startup_tm4c123.o(.text)
    TIMER1B_Handler                          0x0000037f   Thumb Code     2  startup_tm4c123.o(.text)
    TIMER2A_Handler                          0x00000381   Thumb Code     2  startup_tm4c123.o(.text)
    TIMER2B_Handler                          0x00000383   Thumb Code     2  startup_tm4c123.o(.text)
    COMP0_Handler                            0x00000385   Thumb Code     2  startup_tm4c123.o(.text)
    COMP1_Handler                            0x00000387   Thumb Code     2  startup_tm4c123.o(.text)
    COMP2_Handler                            0x00000389   Thumb Code     2  startup_tm4c123.o(.text)
    SYSCTL_Handler                           0x0000038b   Thumb Code     2  startup_tm4c123.o(.text)
    FLASH_Handler                            0x0000038d   Thumb Code     2  startup_tm4c123.o(.text)
    GPIOF_Handler                            0x0000038f   Thumb Code     2  startup_tm4c123.o(.text)
    GPIOG_Handler                            0x00000391   Thumb Code     2  startup_tm4c123.o(.text)
    GPIOH_Handler                            0x00000393   Thumb Code     2  startup_tm4c123.o(.text)
    UART2_Handler                            0x00000395   Thumb Code     2  startup_tm4c123.o(.text)
    SSI1_Handler                             0x00000397   Thumb Code     2  startup_tm4c123.o(.text)
    TIMER3A_Handler                          0x00000399   Thumb Code     2  startup_tm4c123.o(.text)
    TIMER3B_Handler                          0x0000039b   Thumb Code     2  startup_tm4c123.o(.text)
    I2C1_Handler                             0x0000039d   Thumb Code     2  startup_tm4c123.o(.text)
    QEI1_Handler                             0x0000039f   Thumb Code     2  startup_tm4c123.o(.text)
    CAN0_Handler                             0x000003a1   Thumb Code     2  startup_tm4c123.o(.text)
    CAN1_Handler                             0x000003a3   Thumb Code     2  startup_tm4c123.o(.text)
    CAN2_Handler                             0x000003a5   Thumb Code     2  startup_tm4c123.o(.text)
    HIB_Handler                              0x000003a7   Thumb Code     2  startup_tm4c123.o(.text)
    USB0_Handler                             0x000003a9   Thumb Code     2  startup_tm4c123.o(.text)
    PWM0_3_Handler                           0x000003ab   Thumb Code     2  startup_tm4c123.o(.text)
    UDMA_Handler                             0x000003ad   Thumb Code     2  startup_tm4c123.o(.text)
    UDMAERR_Handler                          0x000003af   Thumb Code     2  startup_tm4c123.o(.text)
    ADC1SS0_Handler                          0x000003b1   Thumb Code     2  startup_tm4c123.o(.text)
    ADC1SS1_Handler                          0x000003b3   Thumb Code     2  startup_tm4c123.o(.text)
    ADC1SS2_Handler                          0x000003b5   Thumb Code     2  startup_tm4c123.o(.text)
    ADC1SS3_Handler                          0x000003b7   Thumb Code     2  startup_tm4c123.o(.text)
    GPIOJ_Handler                            0x000003b9   Thumb Code     2  startup_tm4c123.o(.text)
    GPIOK_Handler                            0x000003bb   Thumb Code     2  startup_tm4c123.o(.text)
    GPIOL_Handler                            0x000003bd   Thumb Code     2  startup_tm4c123.o(.text)
    SSI2_Handler                             0x000003bf   Thumb Code     2  startup_tm4c123.o(.text)
    SSI3_Handler                             0x000003c1   Thumb Code     2  startup_tm4c123.o(.text)
    UART3_Handler                            0x000003c3   Thumb Code     2  startup_tm4c123.o(.text)
    UART4_Handler                            0x000003c5   Thumb Code     2  startup_tm4c123.o(.text)
    UART5_Handler                            0x000003c7   Thumb Code     2  startup_tm4c123.o(.text)
    UART6_Handler                            0x000003c9   Thumb Code     2  startup_tm4c123.o(.text)
    UART7_Handler                            0x000003cb   Thumb Code     2  startup_tm4c123.o(.text)
    I2C2_Handler                             0x000003cd   Thumb Code     2  startup_tm4c123.o(.text)
    I2C3_Handler                             0x000003cf   Thumb Code     2  startup_tm4c123.o(.text)
    TIMER4A_Handler                          0x000003d1   Thumb Code     2  startup_tm4c123.o(.text)
    TIMER4B_Handler                          0x000003d3   Thumb Code     2  startup_tm4c123.o(.text)
    TIMER5A_Handler                          0x000003d5   Thumb Code     2  startup_tm4c123.o(.text)
    TIMER5B_Handler                          0x000003d7   Thumb Code     2  startup_tm4c123.o(.text)
    WTIMER0A_Handler                         0x000003d9   Thumb Code     2  startup_tm4c123.o(.text)
    WTIMER0B_Handler                         0x000003db   Thumb Code     2  startup_tm4c123.o(.text)
    WTIMER1A_Handler                         0x000003dd   Thumb Code     2  startup_tm4c123.o(.text)
    WTIMER1B_Handler                         0x000003df   Thumb Code     2  startup_tm4c123.o(.text)
    WTIMER2A_Handler                         0x000003e1   Thumb Code     2  startup_tm4c123.o(.text)
    WTIMER2B_Handler                         0x000003e3   Thumb Code     2  startup_tm4c123.o(.text)
    WTIMER3A_Handler                         0x000003e5   Thumb Code     2  startup_tm4c123.o(.text)
    WTIMER3B_Handler                         0x000003e7   Thumb Code     2  startup_tm4c123.o(.text)
    WTIMER4A_Handler                         0x000003e9   Thumb Code     2  startup_tm4c123.o(.text)
    WTIMER4B_Handler                         0x000003eb   Thumb Code     2  startup_tm4c123.o(.text)
    WTIMER5A_Handler                         0x000003ed   Thumb Code     2  startup_tm4c123.o(.text)
    WTIMER5B_Handler                         0x000003ef   Thumb Code     2  startup_tm4c123.o(.text)
    FPU_Handler                              0x000003f1   Thumb Code     2  startup_tm4c123.o(.text)
    I2C4_Handler                             0x000003f3   Thumb Code     2  startup_tm4c123.o(.text)
    I2C5_Handler                             0x000003f5   Thumb Code     2  startup_tm4c123.o(.text)
    GPIOM_Handler                            0x000003f7   Thumb Code     2  startup_tm4c123.o(.text)
    GPION_Handler                            0x000003f9   Thumb Code     2  startup_tm4c123.o(.text)
    QEI2_Handler                             0x000003fb   Thumb Code     2  startup_tm4c123.o(.text)
    GPIOP0_Handler                           0x000003fd   Thumb Code     2  startup_tm4c123.o(.text)
    GPIOP1_Handler                           0x000003ff   Thumb Code     2  startup_tm4c123.o(.text)
    GPIOP2_Handler                           0x00000401   Thumb Code     2  startup_tm4c123.o(.text)
    GPIOP3_Handler                           0x00000403   Thumb Code     2  startup_tm4c123.o(.text)
    GPIOP4_Handler                           0x00000405   Thumb Code     2  startup_tm4c123.o(.text)
    GPIOP5_Handler                           0x00000407   Thumb Code     2  startup_tm4c123.o(.text)
    GPIOP6_Handler                           0x00000409   Thumb Code     2  startup_tm4c123.o(.text)
    GPIOP7_Handler                           0x0000040b   Thumb Code     2  startup_tm4c123.o(.text)
    GPIOQ0_Handler                           0x0000040d   Thumb Code     2  startup_tm4c123.o(.text)
    GPIOQ1_Handler                           0x0000040f   Thumb Code     2  startup_tm4c123.o(.text)
    GPIOQ2_Handler                           0x00000411   Thumb Code     2  startup_tm4c123.o(.text)
    GPIOQ3_Handler                           0x00000413   Thumb Code     2  startup_tm4c123.o(.text)
    GPIOQ4_Handler                           0x00000415   Thumb Code     2  startup_tm4c123.o(.text)
    GPIOQ5_Handler                           0x00000417   Thumb Code     2  startup_tm4c123.o(.text)
    GPIOQ6_Handler                           0x00000419   Thumb Code     2  startup_tm4c123.o(.text)
    GPIOQ7_Handler                           0x0000041b   Thumb Code     2  startup_tm4c123.o(.text)
    GPIOR_Handler                            0x0000041d   Thumb Code     2  startup_tm4c123.o(.text)
    GPIOS_Handler                            0x0000041f   Thumb Code     2  startup_tm4c123.o(.text)
    PMW1_0_Handler                           0x00000421   Thumb Code     2  startup_tm4c123.o(.text)
    PWM1_1_Handler                           0x00000423   Thumb Code     2  startup_tm4c123.o(.text)
    PWM1_2_Handler                           0x00000425   Thumb Code     2  startup_tm4c123.o(.text)
    PWM1_3_Handler                           0x00000427   Thumb Code     2  startup_tm4c123.o(.text)
    PWM1_FAULT_Handler                       0x00000429   Thumb Code     2  startup_tm4c123.o(.text)
    __user_initial_stackheap                 0x0000042d   Thumb Code     0  startup_tm4c123.o(.text)
    Flash_Enable                             0x0000044d   Thumb Code    30  main.o(.text)
    Flash_Erase                              0x0000046b   Thumb Code    84  main.o(.text)
    Flash_Write                              0x000004bf   Thumb Code   204  main.o(.text)
    Flash_Read                               0x0000058b   Thumb Code    60  main.o(.text)
    delayInit                                0x000005c7   Thumb Code    30  main.o(.text)
    Delay                                    0x000005e5   Thumb Code    36  main.o(.text)
    delayMilli                               0x00000609   Thumb Code    24  main.o(.text)
    lcdCommand                               0x00000621   Thumb Code    36  main.o(.text)
    lcdData                                  0x00000645   Thumb Code    44  main.o(.text)
    print                                    0x00000671   Thumb Code    36  main.o(.text)
    initLcd                                  0x00000695   Thumb Code   230  main.o(.text)
    initPortF                                0x0000077b   Thumb Code    80  main.o(.text)
    SystemInit                               0x000007cb   Thumb Code     2  main.o(.text)
    UART_init_GPS                            0x000007cd   Thumb Code   164  main.o(.text)
    UART_init_console                        0x00000871   Thumb Code   112  main.o(.text)
    init                                     0x000008e1   Thumb Code    60  main.o(.text)
    rad2deg                                  0x0000091d   Thumb Code    68  main.o(.text)
    deg2rad                                  0x00000961   Thumb Code    68  main.o(.text)
    distance                                 0x000009a5   Thumb Code   566  main.o(.text)
    dist                                     0x00000bdb   Thumb Code    42  main.o(.text)
    UART0_Transmitter                        0x00000c05   Thumb Code    18  main.o(.text)
    printstring                              0x00000c17   Thumb Code    22  main.o(.text)
    UART0_Receiver                           0x00000c2d   Thumb Code    20  main.o(.text)
    UART1_Receiver                           0x00000c41   Thumb Code   128  main.o(.text)
    delay                                    0x00000cc1   Thumb Code    14  main.o(.text)
    main                                     0x00000ccf   Thumb Code  1232  main.o(.text)
    __2sprintf                               0x000011a5   Thumb Code    34  noretval__2sprintf.o(.text)
    __printf                                 0x000011cd   Thumb Code   104  __printf.o(.text)
    _printf_int_dec                          0x00001235   Thumb Code   102  _printf_dec.o(.text)
    strtok                                   0x000012ad   Thumb Code     6  strtok.o(.text)
    strcpy                                   0x000012b9   Thumb Code    72  strcpy.o(.text)
    strcmp                                   0x00001301   Thumb Code   128  strcmpv7m.o(.text)
    __use_two_region_memory                  0x00001381   Thumb Code     2  heapauxi.o(.text)
    __rt_heap_escrow$2region                 0x00001383   Thumb Code     2  heapauxi.o(.text)
    __rt_heap_expand$2region                 0x00001385   Thumb Code     2  heapauxi.o(.text)
    __read_errno                             0x00001387   Thumb Code    10  _rserrno.o(.text)
    __set_errno                              0x00001391   Thumb Code    12  _rserrno.o(.text)
    _printf_int_common                       0x0000139d   Thumb Code   184  _printf_intcommon.o(.text)
    __lib_sel_fp_printf                      0x00001455   Thumb Code     2  _printf_fp_dec.o(.text)
    _printf_fp_dec_real                      0x00001601   Thumb Code   628  _printf_fp_dec.o(.text)
    _printf_char_common                      0x0000187f   Thumb Code    32  _printf_char_common.o(.text)
    _sputc                                   0x000018a5   Thumb Code    10  _sputc.o(.text)
    __strtod_int                             0x000018ed   Thumb Code    88  strtod.o(.text)
    __strtok_internal                        0x00001951   Thumb Code    64  strtok_int.o(.text)
    __rt_locale                              0x00001995   Thumb Code     8  rt_locale_intlibspace.o(.text)
    __aeabi_errno_addr                       0x0000199d   Thumb Code     8  rt_errno_addr_intlibspace.o(.text)
    __errno$intlibspace                      0x0000199d   Thumb Code     0  rt_errno_addr_intlibspace.o(.text)
    __rt_errno_addr$intlibspace              0x0000199d   Thumb Code     0  rt_errno_addr_intlibspace.o(.text)
    _ll_udiv10                               0x000019a5   Thumb Code   138  lludiv10.o(.text)
    isspace                                  0x00001a2f   Thumb Code    18  isspace.o(.text)
    _printf_fp_infnan                        0x00001a41   Thumb Code   112  _printf_fp_infnan.o(.text)
    _sgetc                                   0x00001ac1   Thumb Code    30  _sgetc.o(.text)
    _sbackspace                              0x00001adf   Thumb Code    34  _sgetc.o(.text)
    _btod_etento                             0x00001b01   Thumb Code   222  bigflt0.o(.text)
    strcspn                                  0x00001be5   Thumb Code    32  strcspn.o(.text)
    strspn                                   0x00001c05   Thumb Code    28  strspn.o(.text)
    __user_libspace                          0x00001c21   Thumb Code     8  libspace.o(.text)
    __user_perproc_libspace                  0x00001c21   Thumb Code     0  libspace.o(.text)
    __user_perthread_libspace                0x00001c21   Thumb Code     0  libspace.o(.text)
    __user_setup_stackheap                   0x00001c29   Thumb Code    74  sys_stackheap_outer.o(.text)
    __rt_ctype_table                         0x00001c75   Thumb Code    16  rt_ctype_table.o(.text)
    _scanf_really_real                       0x00001e7d   Thumb Code   672  scanf_fp.o(.text)
    exit                                     0x00002129   Thumb Code    12  exit.o(.text)
    _scanf_really_hex_real                   0x00002135   Thumb Code   776  scanf_hexfp.o(.text)
    _scanf_really_infnan                     0x00002449   Thumb Code   298  scanf_infnan.o(.text)
    _sys_exit                                0x00002585   Thumb Code     8  sys_exit.o(.text)
    __aeabi_llsl                             0x00002591   Thumb Code     0  llshl.o(.text)
    _ll_shift_l                              0x00002591   Thumb Code    38  llshl.o(.text)
    _chval                                   0x000025b7   Thumb Code    28  _chval.o(.text)
    __I$use$semihosting                      0x000025d3   Thumb Code     0  use_no_semi.o(.text)
    __use_no_semihosting_swi                 0x000025d3   Thumb Code     2  use_no_semi.o(.text)
    __semihosting_library_function           0x000025d5   Thumb Code     0  indicate_semi.o(.text)
    _btod_d2e                                0x000025d5   Thumb Code    62  btod.o(CL$$btod_d2e)
    _d2e_denorm_low                          0x00002613   Thumb Code    70  btod.o(CL$$btod_d2e_denorm_low)
    _d2e_norm_op1                            0x00002659   Thumb Code    96  btod.o(CL$$btod_d2e_norm_op1)
    __btod_div_common                        0x000026b9   Thumb Code   696  btod.o(CL$$btod_div_common)
    _e2d                                     0x000029f1   Thumb Code    80  btod.o(CL$$btod_e2d)
    _e2e                                     0x00002a45   Thumb Code   198  btod.o(CL$$btod_e2e)
    _btod_ediv                               0x00002b0b   Thumb Code    40  btod.o(CL$$btod_ediv)
    _btod_edivd                              0x00002b33   Thumb Code    40  btod.o(CL$$btod_edivd)
    _btod_emul                               0x00002b5b   Thumb Code    40  btod.o(CL$$btod_emul)
    _btod_emuld                              0x00002b83   Thumb Code    40  btod.o(CL$$btod_emuld)
    __btod_mult_common                       0x00002bab   Thumb Code   580  btod.o(CL$$btod_mult_common)
    __ARM_fpclassify                         0x00002def   Thumb Code    48  fpclassify.o(i.__ARM_fpclassify)
    __hardfp_acos                            0x00002e21   Thumb Code   738  acos.o(i.__hardfp_acos)
    __hardfp_atof                            0x00003171   Thumb Code    44  atof.o(i.__hardfp_atof)
    __hardfp_cos                             0x000031a9   Thumb Code   200  cos.o(i.__hardfp_cos)
    __hardfp_ldexp                           0x00003281   Thumb Code   216  ldexp.o(i.__hardfp_ldexp)
    __hardfp_sin                             0x00003369   Thumb Code   200  sin.o(i.__hardfp_sin)
    __ieee754_rem_pio2                       0x00003441   Thumb Code   972  rred.o(i.__ieee754_rem_pio2)
    __kernel_cos                             0x00003899   Thumb Code   322  cos_i.o(i.__kernel_cos)
    __kernel_poly                            0x00003a09   Thumb Code   248  poly.o(i.__kernel_poly)
    __kernel_sin                             0x00003b01   Thumb Code   280  sin_i.o(i.__kernel_sin)
    __mathlib_dbl_underflow                  0x00003c31   Thumb Code    24  dunder.o(i.__mathlib_dbl_underflow)
    __mathlib_narrow                         0x00003c51   Thumb Code   166  narrow.o(i.__mathlib_narrow)
    __support_ldexp                          0x00003d09   Thumb Code    20  ldexp.o(i.__support_ldexp)
    _is_digit                                0x00003d1d   Thumb Code    14  __printf_wp.o(i._is_digit)
    fabs                                     0x00003d2b   Thumb Code    32  fabs.o(i.fabs)
    frexp                                    0x00003d51   Thumb Code   134  frexp.o(i.frexp)
    sqrt                                     0x00003ded   Thumb Code   110  sqrt.o(i.sqrt)
    _get_lc_numeric                          0x00003e5d   Thumb Code    44  lc_numeric_c.o(locale$$code)
    _get_lc_ctype                            0x00003e89   Thumb Code    44  lc_ctype_c.o(locale$$code)
    __aeabi_dneg                             0x00003eb5   Thumb Code     0  basic.o(x$fpl$basic)
    _dneg                                    0x00003eb5   Thumb Code     6  basic.o(x$fpl$basic)
    __aeabi_fneg                             0x00003ebb   Thumb Code     0  basic.o(x$fpl$basic)
    _fneg                                    0x00003ebb   Thumb Code     6  basic.o(x$fpl$basic)
    _dabs                                    0x00003ec1   Thumb Code     6  basic.o(x$fpl$basic)
    _fabs                                    0x00003ec7   Thumb Code     6  basic.o(x$fpl$basic)
    __aeabi_d2f                              0x00003ecd   Thumb Code     0  d2f.o(x$fpl$d2f)
    _d2f                                     0x00003ecd   Thumb Code    98  d2f.o(x$fpl$d2f)
    __aeabi_dadd                             0x00003f31   Thumb Code     0  daddsub_clz.o(x$fpl$dadd)
    _dadd                                    0x00003f31   Thumb Code   332  daddsub_clz.o(x$fpl$dadd)
    __fpl_dcheck_NaN1                        0x00004081   Thumb Code    10  dcheck1.o(x$fpl$dcheck1)
    __fpl_dcmp_Inf                           0x00004091   Thumb Code    24  dcmpi.o(x$fpl$dcmpinf)
    __aeabi_ddiv                             0x000040a9   Thumb Code     0  ddiv.o(x$fpl$ddiv)
    _ddiv                                    0x000040a9   Thumb Code   552  ddiv.o(x$fpl$ddiv)
    __aeabi_cdcmpeq                          0x00004359   Thumb Code     0  deqf.o(x$fpl$deqf)
    _dcmpeq                                  0x00004359   Thumb Code   120  deqf.o(x$fpl$deqf)
    __aeabi_d2iz                             0x000043d1   Thumb Code     0  dfix.o(x$fpl$dfix)
    _dfix                                    0x000043d1   Thumb Code    94  dfix.o(x$fpl$dfix)
    __aeabi_i2d                              0x0000442f   Thumb Code     0  dflt_clz.o(x$fpl$dflt)
    _dflt                                    0x0000442f   Thumb Code    46  dflt_clz.o(x$fpl$dflt)
    __aeabi_ui2d                             0x0000445d   Thumb Code     0  dflt_clz.o(x$fpl$dfltu)
    _dfltu                                   0x0000445d   Thumb Code    38  dflt_clz.o(x$fpl$dfltu)
    __aeabi_cdcmple                          0x00004485   Thumb Code     0  dleqf.o(x$fpl$dleqf)
    _dcmple                                  0x00004485   Thumb Code   120  dleqf.o(x$fpl$dleqf)
    __fpl_dcmple_InfNaN                      0x000044e7   Thumb Code     0  dleqf.o(x$fpl$dleqf)
    __aeabi_dmul                             0x000044fd   Thumb Code     0  dmul.o(x$fpl$dmul)
    _dmul                                    0x000044fd   Thumb Code   332  dmul.o(x$fpl$dmul)
    __fpl_dnaninf                            0x00004651   Thumb Code   156  dnaninf.o(x$fpl$dnaninf)
    __fpl_dretinf                            0x000046ed   Thumb Code    12  dretinf.o(x$fpl$dretinf)
    __aeabi_cdrcmple                         0x000046f9   Thumb Code     0  drleqf.o(x$fpl$drleqf)
    _drcmple                                 0x000046f9   Thumb Code   108  drleqf.o(x$fpl$drleqf)
    __aeabi_drsub                            0x00004765   Thumb Code     0  daddsub_clz.o(x$fpl$drsb)
    _drsb                                    0x00004765   Thumb Code    22  daddsub_clz.o(x$fpl$drsb)
    _dsqrt                                   0x0000477d   Thumb Code   404  dsqrt_umaal.o(x$fpl$dsqrt)
    __aeabi_dsub                             0x00004915   Thumb Code     0  daddsub_clz.o(x$fpl$dsub)
    _dsub                                    0x00004915   Thumb Code   464  daddsub_clz.o(x$fpl$dsub)
    _fp_init                                 0x00004ae9   Thumb Code    10  fpinit.o(x$fpl$fpinit)
    __fplib_config_fpu_vfp                   0x00004af1   Thumb Code     0  fpinit.o(x$fpl$fpinit)
    __fplib_config_pureend_doubles           0x00004af1   Thumb Code     0  fpinit.o(x$fpl$fpinit)
    __fpl_fretinf                            0x00004af3   Thumb Code    10  fretinf.o(x$fpl$fretinf)
    _printf_fp_dec                           0x00004afd   Thumb Code     4  printf1.o(x$fpl$printf1)
    __fpl_return_NaN                         0x00004b01   Thumb Code   100  retnan.o(x$fpl$retnan)
    __ARM_scalbn                             0x00004b65   Thumb Code    92  scalbn.o(x$fpl$scalbn)
    _scanf_real                              0x00004bc1   Thumb Code     4  scanf1.o(x$fpl$scanf1)
    _scanf_hex_real                          0x00004bc5   Thumb Code     4  scanf2.o(x$fpl$scanf2)
    _scanf_infnan                            0x00004bc9   Thumb Code     4  scanf2.o(x$fpl$scanf2)
    __fpl_cmpreturn                          0x00004bcd   Thumb Code    48  trapv.o(x$fpl$trapveneer)
    __I$use$fp                               0x00004bfc   Number         0  usenofp.o(x$fpl$usenofp)
    Region$$Table$$Base                      0x00004e04   Number         0  anon$$obj.o(Region$$Table)
    Region$$Table$$Limit                     0x00004e24   Number         0  anon$$obj.o(Region$$Table)
    __aeabi_HUGE_VAL                         0x00004e24   Data           0  fpconst.o(c$$dinf)
    __aeabi_HUGE_VALL                        0x00004e24   Data           0  fpconst.o(c$$dinf)
    __aeabi_INFINITY                         0x00004e24   Data           0  fpconst.o(c$$dinf)
    __dInf                                   0x00004e24   Data           0  fpconst.o(c$$dinf)
    __huge_val                               0x00004e24   Data           0  fpconst.o(c$$dinf)
    __ctype                                  0x00004e55   Data           0  lc_ctype_c.o(locale$$data)
    __libspace_start                         0x20000008   Data          96  libspace.o(.bss)
    __temporary_stack_top$libspace           0x20000068   Data           0  libspace.o(.bss)



==============================================================================

Memory Map of the image

  Image Entry point : 0x00000339

  Load Region LR_1 (Base: 0x00000000, Size: 0x00004f60, Max: 0xffffffff, ABSOLUTE)

    Execution Region ER_RO (Base: 0x00000000, Size: 0x00004f58, Max: 0xffffffff, ABSOLUTE)

    Base Addr    Size         Type   Attr      Idx    E Section Name        Object

    0x00000000   0x0000026c   Data   RO            3    RESET               startup_tm4c123.o
    0x0000026c   0x00000008   Code   RO          105  * !!!main             c_w.l(__main.o)
    0x00000274   0x00000034   Code   RO          520    !!!scatter          c_w.l(__scatter.o)
    0x000002a8   0x0000001a   Code   RO          522    !!handler_copy      c_w.l(__scatter_copy.o)
    0x000002c2   0x00000002   PAD
    0x000002c4   0x0000001c   Code   RO          524    !!handler_zi        c_w.l(__scatter_zi.o)
    0x000002e0   0x00000000   Code   RO           95    .ARM.Collect$$_printf_percent$$00000000  c_w.l(_printf_percent.o)
    0x000002e0   0x00000006   Code   RO           94    .ARM.Collect$$_printf_percent$$00000003  c_w.l(_printf_f.o)
    0x000002e6   0x00000006   Code   RO           93    .ARM.Collect$$_printf_percent$$00000009  c_w.l(_printf_d.o)
    0x000002ec   0x00000004   Code   RO          190    .ARM.Collect$$_printf_percent$$00000017  c_w.l(_printf_percent_end.o)
    0x000002f0   0x00000002   Code   RO          333    .ARM.Collect$$libinit$$00000000  c_w.l(libinit.o)
    0x000002f2   0x00000004   Code   RO          334    .ARM.Collect$$libinit$$00000001  c_w.l(libinit2.o)
    0x000002f6   0x00000000   Code   RO          338    .ARM.Collect$$libinit$$00000008  c_w.l(libinit2.o)
    0x000002f6   0x00000000   Code   RO          340    .ARM.Collect$$libinit$$0000000A  c_w.l(libinit2.o)
    0x000002f6   0x00000000   Code   RO          342    .ARM.Collect$$libinit$$0000000C  c_w.l(libinit2.o)
    0x000002f6   0x00000006   Code   RO          343    .ARM.Collect$$libinit$$0000000D  c_w.l(libinit2.o)
    0x000002fc   0x00000000   Code   RO          345    .ARM.Collect$$libinit$$0000000F  c_w.l(libinit2.o)
    0x000002fc   0x0000000c   Code   RO          346    .ARM.Collect$$libinit$$00000010  c_w.l(libinit2.o)
    0x00000308   0x00000000   Code   RO          347    .ARM.Collect$$libinit$$00000011  c_w.l(libinit2.o)
    0x00000308   0x00000000   Code   RO          349    .ARM.Collect$$libinit$$00000013  c_w.l(libinit2.o)
    0x00000308   0x0000000a   Code   RO          350    .ARM.Collect$$libinit$$00000014  c_w.l(libinit2.o)
    0x00000312   0x00000000   Code   RO          351    .ARM.Collect$$libinit$$00000015  c_w.l(libinit2.o)
    0x00000312   0x00000000   Code   RO          353    .ARM.Collect$$libinit$$00000017  c_w.l(libinit2.o)
    0x00000312   0x00000000   Code   RO          355    .ARM.Collect$$libinit$$00000019  c_w.l(libinit2.o)
    0x00000312   0x00000000   Code   RO          357    .ARM.Collect$$libinit$$0000001B  c_w.l(libinit2.o)
    0x00000312   0x00000000   Code   RO          359    .ARM.Collect$$libinit$$0000001D  c_w.l(libinit2.o)
    0x00000312   0x00000000   Code   RO          361    .ARM.Collect$$libinit$$0000001F  c_w.l(libinit2.o)
    0x00000312   0x00000000   Code   RO          363    .ARM.Collect$$libinit$$00000021  c_w.l(libinit2.o)
    0x00000312   0x00000000   Code   RO          365    .ARM.Collect$$libinit$$00000023  c_w.l(libinit2.o)
    0x00000312   0x00000000   Code   RO          369    .ARM.Collect$$libinit$$0000002A  c_w.l(libinit2.o)
    0x00000312   0x00000000   Code   RO          371    .ARM.Collect$$libinit$$0000002C  c_w.l(libinit2.o)
    0x00000312   0x00000000   Code   RO          373    .ARM.Collect$$libinit$$0000002E  c_w.l(libinit2.o)
    0x00000312   0x00000000   Code   RO          375    .ARM.Collect$$libinit$$00000030  c_w.l(libinit2.o)
    0x00000312   0x00000002   Code   RO          376    .ARM.Collect$$libinit$$00000031  c_w.l(libinit2.o)
    0x00000314   0x00000002   Code   RO          442    .ARM.Collect$$libshutdown$$00000000  c_w.l(libshutdown.o)
    0x00000316   0x00000000   Code   RO          472    .ARM.Collect$$libshutdown$$00000003  c_w.l(libshutdown2.o)
    0x00000316   0x00000000   Code   RO          475    .ARM.Collect$$libshutdown$$00000006  c_w.l(libshutdown2.o)
    0x00000316   0x00000000   Code   RO          478    .ARM.Collect$$libshutdown$$00000009  c_w.l(libshutdown2.o)
    0x00000316   0x00000000   Code   RO          480    .ARM.Collect$$libshutdown$$0000000B  c_w.l(libshutdown2.o)
    0x00000316   0x00000000   Code   RO          483    .ARM.Collect$$libshutdown$$0000000E  c_w.l(libshutdown2.o)
    0x00000316   0x00000002   Code   RO          484    .ARM.Collect$$libshutdown$$0000000F  c_w.l(libshutdown2.o)
    0x00000318   0x00000000   Code   RO          179    .ARM.Collect$$rtentry$$00000000  c_w.l(rtentry.o)
    0x00000318   0x00000000   Code   RO          235    .ARM.Collect$$rtentry$$00000002  c_w.l(rtentry2.o)
    0x00000318   0x00000006   Code   RO          247    .ARM.Collect$$rtentry$$00000004  c_w.l(rtentry4.o)
    0x0000031e   0x00000000   Code   RO          237    .ARM.Collect$$rtentry$$00000009  c_w.l(rtentry2.o)
    0x0000031e   0x00000004   Code   RO          238    .ARM.Collect$$rtentry$$0000000A  c_w.l(rtentry2.o)
    0x00000322   0x00000000   Code   RO          240    .ARM.Collect$$rtentry$$0000000C  c_w.l(rtentry2.o)
    0x00000322   0x00000008   Code   RO          241    .ARM.Collect$$rtentry$$0000000D  c_w.l(rtentry2.o)
    0x0000032a   0x00000002   Code   RO          377    .ARM.Collect$$rtexit$$00000000  c_w.l(rtexit.o)
    0x0000032c   0x00000000   Code   RO          404    .ARM.Collect$$rtexit$$00000002  c_w.l(rtexit2.o)
    0x0000032c   0x00000004   Code   RO          405    .ARM.Collect$$rtexit$$00000003  c_w.l(rtexit2.o)
    0x00000330   0x00000006   Code   RO          406    .ARM.Collect$$rtexit$$00000004  c_w.l(rtexit2.o)
    0x00000336   0x00000002   PAD
    0x00000338   0x00000114   Code   RO            4  * .text               startup_tm4c123.o
    0x0000044c   0x00000d58   Code   RO           10    .text               main.o
    0x000011a4   0x00000028   Code   RO           67    .text               c_w.l(noretval__2sprintf.o)
    0x000011cc   0x00000068   Code   RO           69    .text               c_w.l(__printf.o)
    0x00001234   0x00000078   Code   RO           71    .text               c_w.l(_printf_dec.o)
    0x000012ac   0x0000000c   Code   RO           96    .text               c_w.l(strtok.o)
    0x000012b8   0x00000048   Code   RO           99    .text               c_w.l(strcpy.o)
    0x00001300   0x00000080   Code   RO          101    .text               c_w.l(strcmpv7m.o)
    0x00001380   0x00000006   Code   RO          103    .text               c_w.l(heapauxi.o)
    0x00001386   0x00000016   Code   RO          180    .text               c_w.l(_rserrno.o)
    0x0000139c   0x000000b8   Code   RO          182    .text               c_w.l(_printf_intcommon.o)
    0x00001454   0x00000420   Code   RO          184    .text               c_w.l(_printf_fp_dec.o)
    0x00001874   0x00000030   Code   RO          186    .text               c_w.l(_printf_char_common.o)
    0x000018a4   0x0000000a   Code   RO          188    .text               c_w.l(_sputc.o)
    0x000018ae   0x00000002   PAD
    0x000018b0   0x000000a0   Code   RO          191    .text               c_w.l(strtod.o)
    0x00001950   0x00000044   Code   RO          193    .text               c_w.l(strtok_int.o)
    0x00001994   0x00000008   Code   RO          252    .text               c_w.l(rt_locale_intlibspace.o)
    0x0000199c   0x00000008   Code   RO          257    .text               c_w.l(rt_errno_addr_intlibspace.o)
    0x000019a4   0x0000008a   Code   RO          259    .text               c_w.l(lludiv10.o)
    0x00001a2e   0x00000012   Code   RO          261    .text               c_w.l(isspace.o)
    0x00001a40   0x00000080   Code   RO          263    .text               c_w.l(_printf_fp_infnan.o)
    0x00001ac0   0x00000040   Code   RO          267    .text               c_w.l(_sgetc.o)
    0x00001b00   0x000000e4   Code   RO          269    .text               c_w.l(bigflt0.o)
    0x00001be4   0x00000020   Code   RO          297    .text               c_w.l(strcspn.o)
    0x00001c04   0x0000001c   Code   RO          299    .text               c_w.l(strspn.o)
    0x00001c20   0x00000008   Code   RO          317    .text               c_w.l(libspace.o)
    0x00001c28   0x0000004a   Code   RO          320    .text               c_w.l(sys_stackheap_outer.o)
    0x00001c72   0x00000002   PAD
    0x00001c74   0x00000010   Code   RO          322    .text               c_w.l(rt_ctype_table.o)
    0x00001c84   0x000004a4   Code   RO          324    .text               c_w.l(scanf_fp.o)
    0x00002128   0x0000000c   Code   RO          326    .text               c_w.l(exit.o)
    0x00002134   0x00000314   Code   RO          410    .text               c_w.l(scanf_hexfp.o)
    0x00002448   0x0000013c   Code   RO          412    .text               c_w.l(scanf_infnan.o)
    0x00002584   0x0000000c   Code   RO          428    .text               c_w.l(sys_exit.o)
    0x00002590   0x00000026   Code   RO          432    .text               c_w.l(llshl.o)
    0x000025b6   0x0000001c   Code   RO          434    .text               c_w.l(_chval.o)
    0x000025d2   0x00000002   Code   RO          461    .text               c_w.l(use_no_semi.o)
    0x000025d4   0x00000000   Code   RO          463    .text               c_w.l(indicate_semi.o)
    0x000025d4   0x0000003e   Code   RO          272    CL$$btod_d2e        c_w.l(btod.o)
    0x00002612   0x00000046   Code   RO          274    CL$$btod_d2e_denorm_low  c_w.l(btod.o)
    0x00002658   0x00000060   Code   RO          273    CL$$btod_d2e_norm_op1  c_w.l(btod.o)
    0x000026b8   0x00000338   Code   RO          282    CL$$btod_div_common  c_w.l(btod.o)
    0x000029f0   0x00000054   Code   RO          280    CL$$btod_e2d        c_w.l(btod.o)
    0x00002a44   0x000000c6   Code   RO          279    CL$$btod_e2e        c_w.l(btod.o)
    0x00002b0a   0x00000028   Code   RO          276    CL$$btod_ediv       c_w.l(btod.o)
    0x00002b32   0x00000028   Code   RO          278    CL$$btod_edivd      c_w.l(btod.o)
    0x00002b5a   0x00000028   Code   RO          275    CL$$btod_emul       c_w.l(btod.o)
    0x00002b82   0x00000028   Code   RO          277    CL$$btod_emuld      c_w.l(btod.o)
    0x00002baa   0x00000244   Code   RO          281    CL$$btod_mult_common  c_w.l(btod.o)
    0x00002dee   0x00000030   Code   RO          315    i.__ARM_fpclassify  m_wm.l(fpclassify.o)
    0x00002e1e   0x00000002   PAD
    0x00002e20   0x00000350   Code   RO          135    i.__hardfp_acos     m_wm.l(acos.o)
    0x00003170   0x00000038   Code   RO          149    i.__hardfp_atof     m_wm.l(atof.o)
    0x000031a8   0x000000d8   Code   RO          155    i.__hardfp_cos      m_wm.l(cos.o)
    0x00003280   0x000000e8   Code   RO          445    i.__hardfp_ldexp    m_wm.l(ldexp.o)
    0x00003368   0x000000d8   Code   RO          167    i.__hardfp_sin      m_wm.l(sin.o)
    0x00003440   0x00000458   Code   RO          211    i.__ieee754_rem_pio2  m_wm.l(rred.o)
    0x00003898   0x00000170   Code   RO          206    i.__kernel_cos      m_wm.l(cos_i.o)
    0x00003a08   0x000000f8   Code   RO          209    i.__kernel_poly     m_wm.l(poly.o)
    0x00003b00   0x00000130   Code   RO          216    i.__kernel_sin      m_wm.l(sin_i.o)
    0x00003c30   0x00000020   Code   RO          307    i.__mathlib_dbl_underflow  m_wm.l(dunder.o)
    0x00003c50   0x000000b8   Code   RO          396    i.__mathlib_narrow  m_wm.l(narrow.o)
    0x00003d08   0x00000014   Code   RO          447    i.__support_ldexp   m_wm.l(ldexp.o)
    0x00003d1c   0x0000000e   Code   RO           83    i._is_digit         c_w.l(__printf_wp.o)
    0x00003d2a   0x00000020   Code   RO          311    i.fabs              m_wm.l(fabs.o)
    0x00003d4a   0x00000006   PAD
    0x00003d50   0x0000009c   Code   RO          422    i.frexp             m_wm.l(frexp.o)
    0x00003dec   0x0000006e   Code   RO          224    i.sqrt              m_wm.l(sqrt.o)
    0x00003e5a   0x00000002   PAD
    0x00003e5c   0x0000002c   Code   RO          295    locale$$code        c_w.l(lc_numeric_c.o)
    0x00003e88   0x0000002c   Code   RO          380    locale$$code        c_w.l(lc_ctype_c.o)
    0x00003eb4   0x00000018   Code   RO          195    x$fpl$basic         fz_wm.l(basic.o)
    0x00003ecc   0x00000062   Code   RO          418    x$fpl$d2f           fz_wm.l(d2f.o)
    0x00003f2e   0x00000002   PAD
    0x00003f30   0x00000150   Code   RO          107    x$fpl$dadd          fz_wm.l(daddsub_clz.o)
    0x00004080   0x00000010   Code   RO          492    x$fpl$dcheck1       fz_wm.l(dcheck1.o)
    0x00004090   0x00000018   Code   RO          197    x$fpl$dcmpinf       fz_wm.l(dcmpi.o)
    0x000040a8   0x000002b0   Code   RO          114    x$fpl$ddiv          fz_wm.l(ddiv.o)
    0x00004358   0x00000078   Code   RO          117    x$fpl$deqf          fz_wm.l(deqf.o)
    0x000043d0   0x0000005e   Code   RO          119    x$fpl$dfix          fz_wm.l(dfix.o)
    0x0000442e   0x0000002e   Code   RO          124    x$fpl$dflt          fz_wm.l(dflt_clz.o)
    0x0000445c   0x00000026   Code   RO          123    x$fpl$dfltu         fz_wm.l(dflt_clz.o)
    0x00004482   0x00000002   PAD
    0x00004484   0x00000078   Code   RO          199    x$fpl$dleqf         fz_wm.l(dleqf.o)
    0x000044fc   0x00000154   Code   RO          129    x$fpl$dmul          fz_wm.l(dmul.o)
    0x00004650   0x0000009c   Code   RO          201    x$fpl$dnaninf       fz_wm.l(dnaninf.o)
    0x000046ec   0x0000000c   Code   RO          203    x$fpl$dretinf       fz_wm.l(dretinf.o)
    0x000046f8   0x0000006c   Code   RO          131    x$fpl$drleqf        fz_wm.l(drleqf.o)
    0x00004764   0x00000016   Code   RO          108    x$fpl$drsb          fz_wm.l(daddsub_clz.o)
    0x0000477a   0x00000002   PAD
    0x0000477c   0x00000198   Code   RO          301    x$fpl$dsqrt         fz_wm.l(dsqrt_umaal.o)
    0x00004914   0x000001d4   Code   RO          109    x$fpl$dsub          fz_wm.l(daddsub_clz.o)
    0x00004ae8   0x0000000a   Code   RO          387    x$fpl$fpinit        fz_wm.l(fpinit.o)
    0x00004af2   0x0000000a   Code   RO          443    x$fpl$fretinf       fz_wm.l(fretinf.o)
    0x00004afc   0x00000004   Code   RO          133    x$fpl$printf1       fz_wm.l(printf1.o)
    0x00004b00   0x00000064   Code   RO          498    x$fpl$retnan        fz_wm.l(retnan.o)
    0x00004b64   0x0000005c   Code   RO          485    x$fpl$scalbn        fz_wm.l(scalbn.o)
    0x00004bc0   0x00000004   Code   RO          305    x$fpl$scanf1        fz_wm.l(scanf1.o)
    0x00004bc4   0x00000008   Code   RO          389    x$fpl$scanf2        fz_wm.l(scanf2.o)
    0x00004bcc   0x00000030   Code   RO          516    x$fpl$trapveneer    fz_wm.l(trapv.o)
    0x00004bfc   0x00000000   Code   RO          205    x$fpl$usenofp       fz_wm.l(usenofp.o)
    0x00004bfc   0x00000004   PAD
    0x00004c00   0x00000050   Data   RO          138    .constdata          m_wm.l(acos.o)
    0x00004c50   0x00000030   Data   RO          207    .constdata          m_wm.l(cos_i.o)
    0x00004c80   0x000000c8   Data   RO          213    .constdata          m_wm.l(rred.o)
    0x00004d48   0x00000028   Data   RO          217    .constdata          m_wm.l(sin_i.o)
    0x00004d70   0x00000094   Data   RO          270    .constdata          c_w.l(bigflt0.o)
    0x00004e04   0x00000020   Data   RO          518    Region$$Table       anon$$obj.o
    0x00004e24   0x00000008   Data   RO          384    c$$dinf             fz_wm.l(fpconst.o)
    0x00004e2c   0x0000001c   Data   RO          294    locale$$data        c_w.l(lc_numeric_c.o)
    0x00004e48   0x00000110   Data   RO          379    locale$$data        c_w.l(lc_ctype_c.o)


    Execution Region ER_RW (Base: 0x20000000, Size: 0x00000008, Max: 0xffffffff, ABSOLUTE)

    Base Addr    Size         Type   Attr      Idx    E Section Name        Object

    0x20000000   0x00000002   Data   RW           11    .data               main.o
    0x20000002   0x00000002   PAD
    0x20000004   0x00000004   Data   RW           97    .data               c_w.l(strtok.o)


    Execution Region ER_ZI (Base: 0x20000008, Size: 0x00000860, Max: 0xffffffff, ABSOLUTE)

    Base Addr    Size         Type   Attr      Idx    E Section Name        Object

    0x20000008   0x00000060   Zero   RW          318    .bss                c_w.l(libspace.o)
    0x20000068   0x00000000   Zero   RW            2    HEAP                startup_tm4c123.o
    0x20000068   0x00000800   Zero   RW            1    STACK               startup_tm4c123.o


==============================================================================

Image component sizes


      Code (inc. data)   RO Data    RW Data    ZI Data      Debug   Object Name

      3416        246          0          2          0      11797   main.o
       276         24        620          0       2048       5420   startup_tm4c123.o

    ----------------------------------------------------------------------
      3692        270        652          4       2048      17217   Object Totals
         0          0         32          0          0          0   (incl. Generated)
         0          0          0          2          0          0   (incl. Padding)

    ----------------------------------------------------------------------

      Code (inc. data)   RO Data    RW Data    ZI Data      Debug   Library Member Name

         8          0          0          0          0         68   __main.o
       104          0          0          0          0         84   __printf.o
        14          0          0          0          0         68   __printf_wp.o
        52          8          0          0          0          0   __scatter.o
        26          0          0          0          0          0   __scatter_copy.o
        28          0          0          0          0          0   __scatter_zi.o
        28          0          0          0          0         68   _chval.o
        48          6          0          0          0         96   _printf_char_common.o
         6          0          0          0          0          0   _printf_d.o
       120         18          0          0          0         92   _printf_dec.o
         6          0          0          0          0          0   _printf_f.o
      1056          0          0          0          0        216   _printf_fp_dec.o
       128         16          0          0          0         84   _printf_fp_infnan.o
       184          0          0          0          0         88   _printf_intcommon.o
         0          0          0          0          0          0   _printf_percent.o
         4          0          0          0          0          0   _printf_percent_end.o
        22          0          0          0          0        100   _rserrno.o
        64          0          0          0          0         84   _sgetc.o
        10          0          0          0          0         68   _sputc.o
       228          6        148          0          0         96   bigflt0.o
      2074        132          0          0          0        940   btod.o
        12          0          0          0          0         72   exit.o
         6          0          0          0          0        152   heapauxi.o
         0          0          0          0          0          0   indicate_semi.o
        18          0          0          0          0         76   isspace.o
        44         10        272          0          0         76   lc_ctype_c.o
        44         10         28          0          0         76   lc_numeric_c.o
         2          0          0          0          0          0   libinit.o
        34          0          0          0          0          0   libinit2.o
         2          0          0          0          0          0   libshutdown.o
         2          0          0          0          0          0   libshutdown2.o
         8          4          0          0         96         68   libspace.o
        38          0          0          0          0         68   llshl.o
       138          0          0          0          0         80   lludiv10.o
        40          6          0          0          0         84   noretval__2sprintf.o
        16          4          0          0          0         76   rt_ctype_table.o
         8          4          0          0          0         68   rt_errno_addr_intlibspace.o
         8          4          0          0          0         68   rt_locale_intlibspace.o
         0          0          0          0          0          0   rtentry.o
        12          0          0          0          0          0   rtentry2.o
         6          0          0          0          0          0   rtentry4.o
         2          0          0          0          0          0   rtexit.o
        10          0          0          0          0          0   rtexit2.o
      1188         12          0          0          0        148   scanf_fp.o
       788         12          0          0          0        100   scanf_hexfp.o
       316         18          0          0          0        100   scanf_infnan.o
       128          0          0          0          0         68   strcmpv7m.o
        72          0          0          0          0         80   strcpy.o
        32          0          0          0          0         80   strcspn.o
        28          0          0          0          0         80   strspn.o
       160         12          0          0          0        120   strtod.o
        12          6          0          4          0         68   strtok.o
        68          4          0          0          0         84   strtok_int.o
        12          4          0          0          0         68   sys_exit.o
        74          0          0          0          0         80   sys_stackheap_outer.o
         2          0          0          0          0         68   use_no_semi.o
        24          0          0          0          0        164   basic.o
        98          4          0          0          0        140   d2f.o
       826         16          0          0          0        492   daddsub_clz.o
        16          4          0          0          0        116   dcheck1.o
        24          0          0          0          0        116   dcmpi.o
       688        140          0          0          0        256   ddiv.o
       120          4          0          0          0        140   deqf.o
        94          4          0          0          0        140   dfix.o
        84          0          0          0          0        232   dflt_clz.o
       120          4          0          0          0        140   dleqf.o
       340         12          0          0          0        152   dmul.o
       156          4          0          0          0        140   dnaninf.o
        12          0          0          0          0        116   dretinf.o
       108          0          0          0          0        128   drleqf.o
       408         56          0          0          0        168   dsqrt_umaal.o
         0          0          8          0          0          0   fpconst.o
        10          0          0          0          0        116   fpinit.o
        10          0          0          0          0        116   fretinf.o
         4          0          0          0          0        116   printf1.o
       100          0          0          0          0        116   retnan.o
        92          0          0          0          0        116   scalbn.o
         4          0          0          0          0        116   scanf1.o
         8          0          0          0          0        132   scanf2.o
        48          0          0          0          0        116   trapv.o
         0          0          0          0          0          0   usenofp.o
       848        110         80          0          0        188   acos.o
        56         12          0          0          0        132   atof.o
       216         16          0          0          0        152   cos.o
       368         46         48          0          0        200   cos_i.o
        32          8          0          0          0        124   dunder.o
        32          0          0          0          0        124   fabs.o
        48          0          0          0          0        124   fpclassify.o
       156         22          0          0          0        132   frexp.o
       252         16          0          0          0        308   ldexp.o
       184         18          0          0          0        152   narrow.o
       248          0          0          0          0        152   poly.o
      1112        140        200          0          0        188   rred.o
       216         16          0          0          0        152   sin.o
       304         24         40          0          0        208   sin_i.o
       110          0          0          0          0        148   sqrt.o

    ----------------------------------------------------------------------
     15144        972        824          4         96      10328   Library Totals
        28          0          0          0          0          0   (incl. Padding)

    ----------------------------------------------------------------------

      Code (inc. data)   RO Data    RW Data    ZI Data      Debug   Library Name

      7540        296        448          4         96       4260   c_w.l
      3394        248          8          0          0       3584   fz_wm.l
      4182        428        368          0          0       2484   m_wm.l

    ----------------------------------------------------------------------
     15144        972        824          4         96      10328   Library Totals

    ----------------------------------------------------------------------

==============================================================================


      Code (inc. data)   RO Data    RW Data    ZI Data      Debug   

     18836       1242       1476          8       2144      20849   Grand Totals
     18836       1242       1476          8       2144      20849   ELF Image Totals
     18836       1242       1476          8          0          0   ROM Totals

==============================================================================

    Total RO  Size (Code + RO Data)                20312 (  19.84kB)
    Total RW  Size (RW Data + ZI Data)              2152 (   2.10kB)
    Total ROM Size (Code + RO Data + RW Data)      20320 (  19.84kB)

==============================================================================

